2026-10-06T02:10:37.3614122Z Current runner version: '2.337.0'
2026-10-06T02:10:37.3641428Z ##[group]Runner Image Provisioner
2026-10-06T02:10:37.3642557Z Hosted Compute Agent
2026-10-06T02:10:37.3643245Z Version: 20260901.588
2026-10-06T02:10:37.3644101Z Commit: f88ec8081b781fac6c440065ac7ff9e710ce3d0b
2026-10-06T02:10:37.3644985Z Build Date: 2026-09-01T19:56:44Z
2026-10-06T02:10:37.3645931Z Worker ID: {cf751671-852e-4832-9608-8fc8ec976f30}
2026-10-06T02:10:37.3646909Z Azure Region: eastus
2026-10-06T02:10:37.3647615Z ##[endgroup]
2026-10-06T02:10:37.3649358Z ##[group]Operating System
2026-10-06T02:10:37.3650132Z Ubuntu
2026-10-06T02:10:37.3650732Z 24.04.5
2026-10-06T02:10:37.3651498Z LTS
2026-10-06T02:10:37.3652112Z ##[endgroup]
2026-10-06T02:10:37.3652809Z ##[group]Runner Image
2026-10-06T02:10:37.3653601Z Image: ubuntu-24.04
2026-10-06T02:10:37.3654250Z Version: 20260927.320.1
2026-10-06T02:10:37.3656026Z Included Software: https://github.com/actions/runner-images/blob/ubuntu24/20260927.320/images/ubuntu/Ubuntu2404-Readme.md
2026-10-06T02:10:37.3658105Z Image Release: https://github.com/actions/runner-images/releases/tag/ubuntu24%2F20260927.320
2026-10-06T02:10:37.3659353Z ##[endgroup]
2026-10-06T02:10:37.3660759Z ##[group]GITHUB_TOKEN Permissions
2026-10-06T02:10:37.3662838Z Contents: read
2026-10-06T02:10:37.3663608Z Metadata: read
2026-10-06T02:10:37.3664266Z ##[endgroup]
2026-10-06T02:10:37.3667166Z Secret source: Actions
2026-10-06T02:10:37.3668747Z Cache mode: write
2026-10-06T02:10:37.3669773Z Prepare workflow directory
2026-10-06T02:10:37.4024923Z Prepare all required actions
2026-10-06T02:10:37.4079104Z Getting action download info
2026-10-06T02:10:37.5760419Z Download action repository 'actions/checkout@11d5960a326750d5838078e36cf38b85af677262' (SHA:11d5960a326750d5838078e36cf38b85af677262)
2026-10-06T02:10:37.6839452Z Download action repository 'actions/setup-node@49933ea5288caeca8642d1e84afbd3f7d6820020' (SHA:49933ea5288caeca8642d1e84afbd3f7d6820020)
2026-10-06T02:10:37.9156944Z Complete job name: Clean-container smoke (packed npx install)
2026-10-06T02:10:37.9825912Z ##[group]Run actions/checkout@11d5960a326750d5838078e36cf38b85af677262
2026-10-06T02:10:37.9826781Z with:
2026-10-06T02:10:37.9827144Z   repository: tshyshko/basedagents
2026-10-06T02:10:37.9830101Z   token: ***
2026-10-06T02:10:37.9830456Z   ssh-strict: true
2026-10-06T02:10:37.9830806Z   ssh-user: git
2026-10-06T02:10:37.9831165Z   persist-credentials: true
2026-10-06T02:10:37.9831552Z   clean: true
2026-10-06T02:10:37.9831907Z   sparse-checkout-cone-mode: true
2026-10-06T02:10:37.9832310Z   fetch-depth: 1
2026-10-06T02:10:37.9832652Z   fetch-tags: false
2026-10-06T02:10:37.9833002Z   show-progress: true
2026-10-06T02:10:37.9833352Z   lfs: false
2026-10-06T02:10:37.9833678Z   submodules: false
2026-10-06T02:10:37.9834031Z   set-safe-directory: true
2026-10-06T02:10:37.9834429Z   allow-unsafe-pr-checkout: false
2026-10-06T02:10:37.9834971Z ##[endgroup]
2026-10-06T02:10:38.0622338Z Syncing repository: tshyshko/basedagents
2026-10-06T02:10:38.0624552Z ##[group]Getting Git version info
2026-10-06T02:10:38.0625601Z Working directory is '/home/runner/work/basedagents/basedagents'
2026-10-06T02:10:38.0626950Z [command]/usr/bin/git version
2026-10-06T02:10:38.0964688Z git version 2.55.0
2026-10-06T02:10:38.0988956Z ##[endgroup]
2026-10-06T02:10:38.0996388Z Temporarily overriding HOME='/home/runner/work/_temp/0dc6b527-e88f-4a36-ac67-a1944926d638' before making global git config changes
2026-10-06T02:10:38.0998777Z Adding repository directory to the temporary git global config as a safe directory
2026-10-06T02:10:38.1000456Z [command]/usr/bin/git config --global --add safe.directory /home/runner/work/basedagents/basedagents
2026-10-06T02:10:38.1053389Z Deleting the contents of '/home/runner/work/basedagents/basedagents'
2026-10-06T02:10:38.1057594Z ##[group]Initializing the repository
2026-10-06T02:10:38.1061257Z [command]/usr/bin/git init /home/runner/work/basedagents/basedagents
2026-10-06T02:10:38.1248852Z hint: Using 'master' as the name for the initial branch. This default branch name
2026-10-06T02:10:38.1250803Z hint: will change to "main" in Git 3.0. To configure the initial branch name
2026-10-06T02:10:38.1252349Z hint: to use in all of your new repositories, which will suppress this warning,
2026-10-06T02:10:38.1253566Z hint: call:
2026-10-06T02:10:38.1254235Z hint:
2026-10-06T02:10:38.1255155Z hint: 	git config --global init.defaultBranch <name>
2026-10-06T02:10:38.1256206Z hint:
2026-10-06T02:10:38.1257079Z hint: Names commonly chosen instead of 'master' are 'main', 'trunk' and
2026-10-06T02:10:38.1258408Z hint: 'development'. The just-created branch can be renamed via this command:
2026-10-06T02:10:38.1260170Z hint:
2026-10-06T02:10:38.1260974Z hint: 	git branch -m <name>
2026-10-06T02:10:38.1261730Z hint:
2026-10-06T02:10:38.1262652Z hint: Disable this message with "git config set advice.defaultBranchName false"
2026-10-06T02:10:38.1264252Z Initialized empty Git repository in /home/runner/work/basedagents/basedagents/.git/
2026-10-06T02:10:38.1267374Z [command]/usr/bin/git remote add origin https://github.com/tshyshko/basedagents
2026-10-06T02:10:38.1304977Z ##[endgroup]
2026-10-06T02:10:38.1306078Z ##[group]Disabling automatic garbage collection
2026-10-06T02:10:38.1309252Z [command]/usr/bin/git config --local gc.auto 0
2026-10-06T02:10:38.1438912Z ##[endgroup]
2026-10-06T02:10:38.1439523Z ##[group]Setting up auth
2026-10-06T02:10:38.1444369Z [command]/usr/bin/git config --local --name-only --get-regexp core\.sshCommand
2026-10-06T02:10:38.1476933Z [command]/usr/bin/git submodule foreach --recursive sh -c "git config --local --name-only --get-regexp 'core\.sshCommand' && git config --local --unset-all 'core.sshCommand' || :"
2026-10-06T02:10:38.1744500Z [command]/usr/bin/git config --local --name-only --get-regexp http\.https\:\/\/github\.com\/\.extraheader
2026-10-06T02:10:38.1774169Z [command]/usr/bin/git submodule foreach --recursive sh -c "git config --local --name-only --get-regexp 'http\.https\:\/\/github\.com\/\.extraheader' && git config --local --unset-all 'http.https://github.com/.extraheader' || :"
2026-10-06T02:10:38.1964047Z [command]/usr/bin/git config --local --name-only --get-regexp ^includeIf\.gitdir:
2026-10-06T02:10:38.1994974Z [command]/usr/bin/git submodule foreach --recursive git config --local --show-origin --name-only --get-regexp remote.origin.url
2026-10-06T02:10:38.2187124Z [command]/usr/bin/git config --local http.https://github.com/.extraheader AUTHORIZATION: basic ***
2026-10-06T02:10:38.2222492Z ##[endgroup]
2026-10-06T02:10:38.2223406Z ##[group]Fetching the repository
2026-10-06T02:10:38.2230496Z [command]/usr/bin/git -c protocol.version=2 fetch --no-tags --prune --no-recurse-submodules --depth=1 origin +ef1cb5dabeaa85627dc0768828a04351b073415d:refs/remotes/origin/main
2026-10-06T02:10:38.8558299Z From https://github.com/tshyshko/basedagents
2026-10-06T02:10:38.8559776Z  * [new ref]         ef1cb5dabeaa85627dc0768828a04351b073415d -> origin/main
2026-10-06T02:10:38.8566918Z ##[endgroup]
2026-10-06T02:10:38.8568008Z ##[group]Determining the checkout info
2026-10-06T02:10:38.8569325Z ##[endgroup]
2026-10-06T02:10:38.8569951Z [command]/usr/bin/git sparse-checkout disable
2026-10-06T02:10:38.8617122Z [command]/usr/bin/git config --local --unset-all extensions.worktreeConfig
2026-10-06T02:10:38.8644933Z ##[group]Checking out the ref
2026-10-06T02:10:38.8648155Z [command]/usr/bin/git checkout --progress --force -B main refs/remotes/origin/main
2026-10-06T02:10:38.9272798Z Switched to a new branch 'main'
2026-10-06T02:10:38.9275886Z branch 'main' set up to track 'origin/main'.
2026-10-06T02:10:38.9283531Z ##[endgroup]
2026-10-06T02:10:38.9321708Z [command]/usr/bin/git log -1 --format=%H
2026-10-06T02:10:38.9344665Z ef1cb5dabeaa85627dc0768828a04351b073415d
2026-10-06T02:10:38.9651682Z ##[group]Run actions/setup-node@49933ea5288caeca8642d1e84afbd3f7d6820020
2026-10-06T02:10:38.9653016Z with:
2026-10-06T02:10:38.9653703Z   node-version: 22
2026-10-06T02:10:38.9654433Z   cache: npm
2026-10-06T02:10:38.9655137Z   always-auth: false
2026-10-06T02:10:38.9656195Z   check-latest: false
2026-10-06T02:10:38.9663264Z   token: ***
2026-10-06T02:10:38.9663979Z ##[endgroup]
2026-10-06T02:10:39.0868510Z Found in cache @ /opt/hostedtoolcache/node/22.23.3/x64
2026-10-06T02:10:39.0873604Z (node:2135) [DEP0040] DeprecationWarning: The `punycode` module is deprecated. Please use a userland alternative instead.
2026-10-06T02:10:39.0877158Z (Use `node --trace-deprecation ...` to show where the warning was created)
2026-10-06T02:10:39.0879927Z ##[group]Environment details
2026-10-06T02:10:39.5297508Z node: v22.23.3
2026-10-06T02:10:39.5297804Z npm: 10.9.9
2026-10-06T02:10:39.5298017Z yarn: 1.22.22
2026-10-06T02:10:39.5298668Z ##[endgroup]
2026-10-06T02:10:39.5332789Z [command]/opt/hostedtoolcache/node/22.23.3/x64/bin/npm config get cache
2026-10-06T02:10:39.6208209Z /home/runner/.npm
2026-10-06T02:10:39.6870180Z npm cache is not found
2026-10-06T02:10:39.7048044Z ##[group]Run npm ci
2026-10-06T02:10:39.7048366Z [36;1mnpm ci[0m
2026-10-06T02:10:39.7250300Z shell: /usr/bin/bash -e {0}
2026-10-06T02:10:39.7250602Z ##[endgroup]
2026-10-06T02:10:41.5014313Z npm warn deprecated prebuild-install@7.1.3: No longer maintained. Please contact the author of the relevant native addon; alternatives are available.
2026-10-06T02:10:45.2711932Z 
2026-10-06T02:10:45.2713097Z added 488 packages, and audited 495 packages in 5s
2026-10-06T02:10:45.2713710Z 
2026-10-06T02:10:45.2713964Z 186 packages are looking for funding
2026-10-06T02:10:45.2714406Z   run `npm fund` for details
2026-10-06T02:10:45.2743061Z 
2026-10-06T02:10:45.2743438Z 3 vulnerabilities (1 low, 1 high, 1 critical)
2026-10-06T02:10:45.2743943Z 
2026-10-06T02:10:45.2744418Z To address issues that do not require attention, run:
2026-10-06T02:10:45.2744902Z   npm audit fix
2026-10-06T02:10:45.2745082Z 
2026-10-06T02:10:45.2745497Z To address all issues (including breaking changes), run:
2026-10-06T02:10:45.2746046Z   npm audit fix --force
2026-10-06T02:10:45.2746258Z 
2026-10-06T02:10:45.2746466Z Run `npm audit` for details.
2026-10-06T02:10:45.3242355Z ##[group]Run npm run smoke
2026-10-06T02:10:45.3242613Z [36;1mnpm run smoke[0m
2026-10-06T02:10:45.3301403Z shell: /usr/bin/bash -e {0}
2026-10-06T02:10:45.3301627Z ##[endgroup]
2026-10-06T02:10:45.4106537Z 
2026-10-06T02:10:45.4107424Z > smoke
2026-10-06T02:10:45.4107881Z > node scripts/smoke-clean.mjs
2026-10-06T02:10:45.4108155Z 
2026-10-06T02:10:45.4376839Z smoke: workdir /tmp/ba-smoke-LBlJMd
2026-10-06T02:10:45.4377908Z smoke: packing basedagents (sdk) …
2026-10-06T02:10:48.6271594Z smoke: installing the tarball into a fresh project …
2026-10-06T02:10:49.4022742Z smoke: ✓ basedagents --version → 0.10.1
2026-10-06T02:10:49.4786177Z smoke: ✓ basedagents tasks --help lists the board commands
2026-10-06T02:10:49.5548563Z smoke: ✓ basedagents register --manifest --dry-run ran from the packed dist
2026-10-06T02:10:49.5843175Z smoke: all clean-container checks passed ✓
2026-10-06T02:10:49.6012694Z Post job cleanup.
2026-10-06T02:10:49.6972790Z (node:2362) [DEP0040] DeprecationWarning: The `punycode` module is deprecated. Please use a userland alternative instead.
2026-10-06T02:10:49.6973499Z (Use `node --trace-deprecation ...` to show where the warning was created)
2026-10-06T02:10:49.7130762Z [command]/usr/bin/tar --posix -cf cache.tzst --exclude cache.tzst -P -C /home/runner/work/basedagents/basedagents --files-from manifest.txt --use-compress-program zstdmt
2026-10-06T02:10:49.9465592Z (node:2362) [DEP0169] DeprecationWarning: `url.parse()` behavior is not standardized and prone to errors that have security implications. Use the WHATWG URL API instead. CVEs are not issued for `url.parse()` vulnerabilities.
2026-10-06T02:10:50.8222358Z Sent 44414368 of 44414368 (100.0%), 48.0 MBs/sec
2026-10-06T02:10:50.9266448Z Cache saved with the key: node-cache-Linux-x64-npm-f0dfbeccf4cf03614a1c70e0a334c7d6dee17688428dbfb743ab1fccbde237df
2026-10-06T02:10:50.9415573Z Post job cleanup.
2026-10-06T02:10:51.0118418Z [command]/usr/bin/git version
2026-10-06T02:10:51.0156360Z git version 2.55.0
2026-10-06T02:10:51.0182921Z Temporarily overriding HOME='/home/runner/work/_temp/6b7dfbbf-07bb-49d5-94d8-b110582490f2' before making global git config changes
2026-10-06T02:10:51.0184077Z Adding repository directory to the temporary git global config as a safe directory
2026-10-06T02:10:51.0187610Z [command]/usr/bin/git config --global --add safe.directory /home/runner/work/basedagents/basedagents
2026-10-06T02:10:51.0221371Z [command]/usr/bin/git config --local --name-only --get-regexp core\.sshCommand
2026-10-06T02:10:51.0262895Z [command]/usr/bin/git submodule foreach --recursive sh -c "git config --local --name-only --get-regexp 'core\.sshCommand' && git config --local --unset-all 'core.sshCommand' || :"
2026-10-06T02:10:51.0465679Z [command]/usr/bin/git config --local --name-only --get-regexp http\.https\:\/\/github\.com\/\.extraheader
2026-10-06T02:10:51.0488280Z http.https://github.com/.extraheader
2026-10-06T02:10:51.0495938Z [command]/usr/bin/git config --local --unset-all http.https://github.com/.extraheader
2026-10-06T02:10:51.0525421Z [command]/usr/bin/git submodule foreach --recursive sh -c "git config --local --name-only --get-regexp 'http\.https\:\/\/github\.com\/\.extraheader' && git config --local --unset-all 'http.https://github.com/.extraheader' || :"
2026-10-06T02:10:51.0733790Z [command]/usr/bin/git config --local --name-only --get-regexp ^includeIf\.gitdir:
2026-10-06T02:10:51.0762338Z [command]/usr/bin/git submodule foreach --recursive git config --local --show-origin --name-only --get-regexp remote.origin.url
2026-10-06T02:10:51.1092643Z Cleaning up orphan processes
2026-10-06T02:10:51.1415496Z ##[warning]Node.js 20 is deprecated. The following actions target Node.js 20 but are being forced to run on Node.js 24: actions/checkout@11d5960a326750d5838078e36cf38b85af677262, actions/setup-node@49933ea5288caeca8642d1e84afbd3f7d6820020. For more information see: https://github.blog/changelog/2025-09-19-deprecation-of-node-20-on-github-actions-runners/
