2026-10-06T02:10:38.3297916Z Current runner version: '2.337.0'
2026-10-06T02:10:38.3323195Z ##[group]Runner Image Provisioner
2026-10-06T02:10:38.3324129Z Hosted Compute Agent
2026-10-06T02:10:38.3324720Z Version: 20260901.588
2026-10-06T02:10:38.3325336Z Commit: f88ec8081b781fac6c440065ac7ff9e710ce3d0b
2026-10-06T02:10:38.3326132Z Build Date: 2026-09-01T19:56:44Z
2026-10-06T02:10:38.3326809Z Worker ID: {2b4a884e-bf48-42d2-89e6-2bc47e5f7f96}
2026-10-06T02:10:38.3327678Z Azure Region: westus
2026-10-06T02:10:38.3328243Z ##[endgroup]
2026-10-06T02:10:38.3330721Z ##[group]Operating System
2026-10-06T02:10:38.3331476Z Ubuntu
2026-10-06T02:10:38.3332041Z 24.04.5
2026-10-06T02:10:38.3332588Z LTS
2026-10-06T02:10:38.3333105Z ##[endgroup]
2026-10-06T02:10:38.3333645Z ##[group]Runner Image
2026-10-06T02:10:38.3334284Z Image: ubuntu-24.04
2026-10-06T02:10:38.3334916Z Version: 20260927.320.1
2026-10-06T02:10:38.3336192Z Included Software: https://github.com/actions/runner-images/blob/ubuntu24/20260927.320/images/ubuntu/Ubuntu2404-Readme.md
2026-10-06T02:10:38.3337714Z Image Release: https://github.com/actions/runner-images/releases/tag/ubuntu24%2F20260927.320
2026-10-06T02:10:38.3338965Z ##[endgroup]
2026-10-06T02:10:38.3340139Z ##[group]GITHUB_TOKEN Permissions
2026-10-06T02:10:38.3342405Z Contents: read
2026-10-06T02:10:38.3343060Z Metadata: read
2026-10-06T02:10:38.3343684Z ##[endgroup]
2026-10-06T02:10:38.3345941Z Secret source: Actions
2026-10-06T02:10:38.3346844Z Cache mode: write
2026-10-06T02:10:38.3347646Z Prepare workflow directory
2026-10-06T02:10:38.3696597Z Prepare all required actions
2026-10-06T02:10:38.3746879Z Getting action download info
2026-10-06T02:10:38.7331099Z Download action repository 'actions/checkout@11d5960a326750d5838078e36cf38b85af677262' (SHA:11d5960a326750d5838078e36cf38b85af677262)
2026-10-06T02:10:38.8483178Z Download action repository 'actions/setup-node@49933ea5288caeca8642d1e84afbd3f7d6820020' (SHA:49933ea5288caeca8642d1e84afbd3f7d6820020)
2026-10-06T02:10:38.9339929Z Download action repository 'actions/upload-artifact@ea165f8d65b6e75b540449e92b4886f43607fa02' (SHA:ea165f8d65b6e75b540449e92b4886f43607fa02)
2026-10-06T02:10:39.1583512Z Complete job name: Passkey E2E (Playwright)
2026-10-06T02:10:39.2374953Z ##[group]Run actions/checkout@11d5960a326750d5838078e36cf38b85af677262
2026-10-06T02:10:39.2376007Z with:
2026-10-06T02:10:39.2376457Z   repository: tshyshko/basedagents
2026-10-06T02:10:39.2380633Z   token: ***
2026-10-06T02:10:39.2381060Z   ssh-strict: true
2026-10-06T02:10:39.2381481Z   ssh-user: git
2026-10-06T02:10:39.2381916Z   persist-credentials: true
2026-10-06T02:10:39.2382399Z   clean: true
2026-10-06T02:10:39.2382836Z   sparse-checkout-cone-mode: true
2026-10-06T02:10:39.2383337Z   fetch-depth: 1
2026-10-06T02:10:39.2383771Z   fetch-tags: false
2026-10-06T02:10:39.2384200Z   show-progress: true
2026-10-06T02:10:39.2384637Z   lfs: false
2026-10-06T02:10:39.2385033Z   submodules: false
2026-10-06T02:10:39.2385479Z   set-safe-directory: true
2026-10-06T02:10:39.2385965Z   allow-unsafe-pr-checkout: false
2026-10-06T02:10:39.2386761Z ##[endgroup]
2026-10-06T02:10:39.3446837Z Syncing repository: tshyshko/basedagents
2026-10-06T02:10:39.3449046Z ##[group]Getting Git version info
2026-10-06T02:10:39.3449817Z Working directory is '/home/runner/work/basedagents/basedagents'
2026-10-06T02:10:39.3450921Z [command]/usr/bin/git version
2026-10-06T02:10:39.3527350Z git version 2.55.0
2026-10-06T02:10:39.3562568Z ##[endgroup]
2026-10-06T02:10:39.3598582Z Temporarily overriding HOME='/home/runner/work/_temp/3f7b03a1-d4f2-4317-b29d-f6615b42da8f' before making global git config changes
2026-10-06T02:10:39.3600916Z Adding repository directory to the temporary git global config as a safe directory
2026-10-06T02:10:39.3605127Z [command]/usr/bin/git config --global --add safe.directory /home/runner/work/basedagents/basedagents
2026-10-06T02:10:39.3661674Z Deleting the contents of '/home/runner/work/basedagents/basedagents'
2026-10-06T02:10:39.3671536Z ##[group]Initializing the repository
2026-10-06T02:10:39.3672464Z [command]/usr/bin/git init /home/runner/work/basedagents/basedagents
2026-10-06T02:10:39.3792728Z hint: Using 'master' as the name for the initial branch. This default branch name
2026-10-06T02:10:39.3794720Z hint: will change to "main" in Git 3.0. To configure the initial branch name
2026-10-06T02:10:39.3796480Z hint: to use in all of your new repositories, which will suppress this warning,
2026-10-06T02:10:39.3797853Z hint: call:
2026-10-06T02:10:39.3799449Z hint:
2026-10-06T02:10:39.3800458Z hint: 	git config --global init.defaultBranch <name>
2026-10-06T02:10:39.3801612Z hint:
2026-10-06T02:10:39.3802698Z hint: Names commonly chosen instead of 'master' are 'main', 'trunk' and
2026-10-06T02:10:39.3804367Z hint: 'development'. The just-created branch can be renamed via this command:
2026-10-06T02:10:39.3806096Z hint:
2026-10-06T02:10:39.3806940Z hint: 	git branch -m <name>
2026-10-06T02:10:39.3807857Z hint:
2026-10-06T02:10:39.3809295Z hint: Disable this message with "git config set advice.defaultBranchName false"
2026-10-06T02:10:39.3811336Z Initialized empty Git repository in /home/runner/work/basedagents/basedagents/.git/
2026-10-06T02:10:39.3861920Z [command]/usr/bin/git remote add origin https://github.com/tshyshko/basedagents
2026-10-06T02:10:39.3868189Z ##[endgroup]
2026-10-06T02:10:39.3869835Z ##[group]Disabling automatic garbage collection
2026-10-06T02:10:39.3870996Z [command]/usr/bin/git config --local gc.auto 0
2026-10-06T02:10:39.3908949Z ##[endgroup]
2026-10-06T02:10:39.3910577Z ##[group]Setting up auth
2026-10-06T02:10:39.3919664Z [command]/usr/bin/git config --local --name-only --get-regexp core\.sshCommand
2026-10-06T02:10:39.3966757Z [command]/usr/bin/git submodule foreach --recursive sh -c "git config --local --name-only --get-regexp 'core\.sshCommand' && git config --local --unset-all 'core.sshCommand' || :"
2026-10-06T02:10:39.4430220Z [command]/usr/bin/git config --local --name-only --get-regexp http\.https\:\/\/github\.com\/\.extraheader
2026-10-06T02:10:39.4474633Z [command]/usr/bin/git submodule foreach --recursive sh -c "git config --local --name-only --get-regexp 'http\.https\:\/\/github\.com\/\.extraheader' && git config --local --unset-all 'http.https://github.com/.extraheader' || :"
2026-10-06T02:10:39.4759109Z [command]/usr/bin/git config --local --name-only --get-regexp ^includeIf\.gitdir:
2026-10-06T02:10:39.4796523Z [command]/usr/bin/git submodule foreach --recursive git config --local --show-origin --name-only --get-regexp remote.origin.url
2026-10-06T02:10:39.5021873Z [command]/usr/bin/git config --local http.https://github.com/.extraheader AUTHORIZATION: basic ***
2026-10-06T02:10:39.5062881Z ##[endgroup]
2026-10-06T02:10:39.5063798Z ##[group]Fetching the repository
2026-10-06T02:10:39.5072829Z [command]/usr/bin/git -c protocol.version=2 fetch --no-tags --prune --no-recurse-submodules --depth=1 origin +ef1cb5dabeaa85627dc0768828a04351b073415d:refs/remotes/origin/main
2026-10-06T02:10:40.3365506Z From https://github.com/tshyshko/basedagents
2026-10-06T02:10:40.3366740Z  * [new ref]         ef1cb5dabeaa85627dc0768828a04351b073415d -> origin/main
2026-10-06T02:10:40.3390311Z ##[endgroup]
2026-10-06T02:10:40.3400439Z ##[group]Determining the checkout info
2026-10-06T02:10:40.3401961Z ##[endgroup]
2026-10-06T02:10:40.3402790Z [command]/usr/bin/git sparse-checkout disable
2026-10-06T02:10:40.3451257Z [command]/usr/bin/git config --local --unset-all extensions.worktreeConfig
2026-10-06T02:10:40.3495503Z ##[group]Checking out the ref
2026-10-06T02:10:40.3499498Z [command]/usr/bin/git checkout --progress --force -B main refs/remotes/origin/main
2026-10-06T02:10:40.4276782Z Switched to a new branch 'main'
2026-10-06T02:10:40.4281083Z branch 'main' set up to track 'origin/main'.
2026-10-06T02:10:40.4289890Z ##[endgroup]
2026-10-06T02:10:40.4335875Z [command]/usr/bin/git log -1 --format=%H
2026-10-06T02:10:40.4364483Z ef1cb5dabeaa85627dc0768828a04351b073415d
2026-10-06T02:10:40.4753882Z ##[group]Run actions/setup-node@49933ea5288caeca8642d1e84afbd3f7d6820020
2026-10-06T02:10:40.4755613Z with:
2026-10-06T02:10:40.4756771Z   node-version: 22
2026-10-06T02:10:40.4757765Z   cache: npm
2026-10-06T02:10:40.4758928Z   always-auth: false
2026-10-06T02:10:40.4759989Z   check-latest: false
2026-10-06T02:10:40.4769670Z   token: ***
2026-10-06T02:10:40.4770636Z ##[endgroup]
2026-10-06T02:10:40.6319492Z Found in cache @ /opt/hostedtoolcache/node/22.23.3/x64
2026-10-06T02:10:40.6324867Z (node:2379) [DEP0040] DeprecationWarning: The `punycode` module is deprecated. Please use a userland alternative instead.
2026-10-06T02:10:40.6326556Z (Use `node --trace-deprecation ...` to show where the warning was created)
2026-10-06T02:10:40.6329125Z ##[group]Environment details
2026-10-06T02:10:40.9913088Z node: v22.23.3
2026-10-06T02:10:40.9913500Z npm: 10.9.9
2026-10-06T02:10:40.9913803Z yarn: 1.22.22
2026-10-06T02:10:40.9914758Z ##[endgroup]
2026-10-06T02:10:40.9955618Z [command]/opt/hostedtoolcache/node/22.23.3/x64/bin/npm config get cache
2026-10-06T02:10:41.1076589Z /home/runner/.npm
2026-10-06T02:10:41.3769364Z npm cache is not found
2026-10-06T02:10:41.3916954Z ##[group]Run npm ci
2026-10-06T02:10:41.3917340Z [36;1mnpm ci[0m
2026-10-06T02:10:41.4196770Z shell: /usr/bin/bash -e {0}
2026-10-06T02:10:41.4197145Z ##[endgroup]
2026-10-06T02:10:43.4877831Z npm warn deprecated prebuild-install@7.1.3: No longer maintained. Please contact the author of the relevant native addon; alternatives are available.
2026-10-06T02:10:48.7924749Z 
2026-10-06T02:10:48.7925476Z added 488 packages, and audited 495 packages in 7s
2026-10-06T02:10:48.7926160Z 
2026-10-06T02:10:48.7926471Z 186 packages are looking for funding
2026-10-06T02:10:48.7927010Z   run `npm fund` for details
2026-10-06T02:10:48.7956501Z 
2026-10-06T02:10:48.7957296Z 3 vulnerabilities (1 low, 1 high, 1 critical)
2026-10-06T02:10:48.7957671Z 
2026-10-06T02:10:48.7957939Z To address issues that do not require attention, run:
2026-10-06T02:10:48.7958685Z   npm audit fix
2026-10-06T02:10:48.7958952Z 
2026-10-06T02:10:48.7959380Z To address all issues (including breaking changes), run:
2026-10-06T02:10:48.7960005Z   npm audit fix --force
2026-10-06T02:10:48.7960890Z 
2026-10-06T02:10:48.7961074Z Run `npm audit` for details.
2026-10-06T02:10:48.8564701Z ##[group]Run npm run build --workspace=packages/sdk
2026-10-06T02:10:48.8565139Z [36;1mnpm run build --workspace=packages/sdk[0m
2026-10-06T02:10:48.8631422Z shell: /usr/bin/bash -e {0}
2026-10-06T02:10:48.8631694Z ##[endgroup]
2026-10-06T02:10:48.9886315Z 
2026-10-06T02:10:48.9886991Z > basedagents@0.10.1 build
2026-10-06T02:10:48.9887604Z > tsc
2026-10-06T02:10:48.9887853Z 
2026-10-06T02:10:51.9112231Z ##[group]Run sudo rm -f /etc/apt/sources.list.d/google-chrome*.list /etc/apt/sources.list.d/google-chrome*.sources
2026-10-06T02:10:51.9113083Z [36;1msudo rm -f /etc/apt/sources.list.d/google-chrome*.list /etc/apt/sources.list.d/google-chrome*.sources[0m
2026-10-06T02:10:51.9177791Z shell: /usr/bin/bash -e {0}
2026-10-06T02:10:51.9178064Z ##[endgroup]
2026-10-06T02:10:51.9372074Z ##[group]Run npx playwright install chromium --with-deps
2026-10-06T02:10:51.9372549Z [36;1mnpx playwright install chromium --with-deps[0m
2026-10-06T02:10:51.9430726Z shell: /usr/bin/bash -e {0}
2026-10-06T02:10:51.9430997Z ##[endgroup]
2026-10-06T02:10:52.7980163Z Installing dependencies...
2026-10-06T02:10:52.8048610Z Switching to root user to install dependencies...
2026-10-06T02:10:53.1540457Z Get:1 https://packages.microsoft.com/ubuntu/24.04/prod noble InRelease [3600 B]
2026-10-06T02:10:53.2328085Z Get:2 file:/etc/apt/apt-mirrors.txt Mirrorlist [144 B]
2026-10-06T02:10:53.2476997Z Hit:3 http://azure.archive.ubuntu.com/ubuntu noble InRelease
2026-10-06T02:10:53.2486236Z Get:4 http://azure.archive.ubuntu.com/ubuntu noble-updates InRelease [126 kB]
2026-10-06T02:10:53.3129193Z Get:5 http://azure.archive.ubuntu.com/ubuntu noble-backports InRelease [126 kB]
2026-10-06T02:10:53.3520738Z Get:6 http://azure.archive.ubuntu.com/ubuntu noble-security InRelease [126 kB]
2026-10-06T02:10:53.5120301Z Get:7 https://packages.microsoft.com/ubuntu/24.04/prod noble/main armhf Packages [12.6 kB]
2026-10-06T02:10:53.5419078Z Get:8 https://packages.microsoft.com/ubuntu/24.04/prod noble/main amd64 Packages [515 kB]
2026-10-06T02:10:53.5520073Z Get:9 https://packages.microsoft.com/ubuntu/24.04/prod noble/main arm64 Packages [458 kB]
2026-10-06T02:10:53.7118842Z Get:10 http://azure.archive.ubuntu.com/ubuntu noble-updates/main amd64 Packages [1370 kB]
2026-10-06T02:10:53.7219744Z Get:11 http://azure.archive.ubuntu.com/ubuntu noble-updates/main Translation-en [305 kB]
2026-10-06T02:10:53.7249557Z Get:12 http://azure.archive.ubuntu.com/ubuntu noble-updates/main amd64 Components [181 kB]
2026-10-06T02:10:53.7279735Z Get:13 http://azure.archive.ubuntu.com/ubuntu noble-updates/universe amd64 Packages [1701 kB]
2026-10-06T02:10:53.7359505Z Get:14 http://azure.archive.ubuntu.com/ubuntu noble-updates/universe Translation-en [341 kB]
2026-10-06T02:10:53.7389368Z Get:15 http://azure.archive.ubuntu.com/ubuntu noble-updates/universe amd64 Components [388 kB]
2026-10-06T02:10:53.7422301Z Get:16 http://azure.archive.ubuntu.com/ubuntu noble-updates/restricted amd64 Packages [1728 kB]
2026-10-06T02:10:53.7529830Z Get:17 http://azure.archive.ubuntu.com/ubuntu noble-updates/restricted Translation-en [395 kB]
2026-10-06T02:10:53.7557501Z Get:18 http://azure.archive.ubuntu.com/ubuntu noble-updates/multiverse Translation-en [13.3 kB]
2026-10-06T02:10:53.7569894Z Get:19 http://azure.archive.ubuntu.com/ubuntu noble-updates/multiverse amd64 Components [940 B]
2026-10-06T02:10:53.8284169Z Get:20 http://azure.archive.ubuntu.com/ubuntu noble-backports/main amd64 Components [5764 B]
2026-10-06T02:10:53.8310220Z Get:21 http://azure.archive.ubuntu.com/ubuntu noble-backports/universe amd64 Components [12.6 kB]
2026-10-06T02:10:53.8580511Z Get:22 http://azure.archive.ubuntu.com/ubuntu noble-security/main amd64 Packages [1071 kB]
2026-10-06T02:10:53.8629685Z Get:23 http://azure.archive.ubuntu.com/ubuntu noble-security/main Translation-en [222 kB]
2026-10-06T02:10:53.8647953Z Get:24 http://azure.archive.ubuntu.com/ubuntu noble-security/main amd64 Components [46.4 kB]
2026-10-06T02:10:53.8662118Z Get:25 http://azure.archive.ubuntu.com/ubuntu noble-security/universe amd64 Packages [1216 kB]
2026-10-06T02:10:53.8734402Z Get:26 http://azure.archive.ubuntu.com/ubuntu noble-security/universe Translation-en [244 kB]
2026-10-06T02:10:53.8757352Z Get:27 http://azure.archive.ubuntu.com/ubuntu noble-security/universe amd64 Components [76.3 kB]
2026-10-06T02:10:53.8771194Z Get:28 http://azure.archive.ubuntu.com/ubuntu noble-security/restricted amd64 Packages [1566 kB]
2026-10-06T02:10:53.8862901Z Get:29 http://azure.archive.ubuntu.com/ubuntu noble-security/restricted Translation-en [361 kB]
2026-10-06T02:11:12.4604613Z Fetched 12.6 MB in 2s (6970 kB/s)
2026-10-06T02:11:13.2725659Z Reading package lists...
2026-10-06T02:11:13.2969124Z Reading package lists...
2026-10-06T02:11:13.5015708Z Building dependency tree...
2026-10-06T02:11:13.5024704Z Reading state information...
2026-10-06T02:11:13.6426497Z libasound2t64 is already the newest version (1.2.11-1ubuntu0.3).
2026-10-06T02:11:13.6427521Z libasound2t64 set to manually installed.
2026-10-06T02:11:13.6428647Z libatk-bridge2.0-0t64 is already the newest version (2.52.0-1build1).
2026-10-06T02:11:13.6429553Z libatk-bridge2.0-0t64 set to manually installed.
2026-10-06T02:11:13.6430320Z libatk1.0-0t64 is already the newest version (2.52.0-1build1).
2026-10-06T02:11:13.6431013Z libatk1.0-0t64 set to manually installed.
2026-10-06T02:11:13.6431745Z libatspi2.0-0t64 is already the newest version (2.52.0-1build1).
2026-10-06T02:11:13.6432469Z libatspi2.0-0t64 set to manually installed.
2026-10-06T02:11:13.6433329Z libcairo2 is already the newest version (1.18.0-3build1).
2026-10-06T02:11:13.6434012Z libcairo2 set to manually installed.
2026-10-06T02:11:13.6434751Z libcups2t64 is already the newest version (2.4.7-1.2ubuntu7.14).
2026-10-06T02:11:13.6435488Z libcups2t64 set to manually installed.
2026-10-06T02:11:13.6436326Z libdbus-1-3 is already the newest version (1.14.10-4ubuntu4.1).
2026-10-06T02:11:13.6437521Z libdbus-1-3 set to manually installed.
2026-10-06T02:11:13.6438641Z libdrm2 is already the newest version (2.4.125-1ubuntu0.1~24.04.2).
2026-10-06T02:11:13.6439439Z libdrm2 set to manually installed.
2026-10-06T02:11:13.6440254Z libglib2.0-0t64 is already the newest version (2.80.0-6ubuntu3.9).
2026-10-06T02:11:13.6441016Z libglib2.0-0t64 set to manually installed.
2026-10-06T02:11:13.6441738Z libnspr4 is already the newest version (2:4.35-1.1build1).
2026-10-06T02:11:13.6442819Z libnspr4 set to manually installed.
2026-10-06T02:11:13.6443449Z libnss3 is already the newest version (2:3.98-1ubuntu0.2).
2026-10-06T02:11:13.6444054Z libnss3 set to manually installed.
2026-10-06T02:11:13.6444480Z libpango-1.0-0 is already the newest version (1.52.1+ds-1build1).
2026-10-06T02:11:13.6444913Z libpango-1.0-0 set to manually installed.
2026-10-06T02:11:13.6445332Z libx11-6 is already the newest version (2:1.8.7-1build1).
2026-10-06T02:11:13.6445709Z libx11-6 set to manually installed.
2026-10-06T02:11:13.6446111Z libxcb1 is already the newest version (1.15-1ubuntu2).
2026-10-06T02:11:13.6446481Z libxcb1 set to manually installed.
2026-10-06T02:11:13.6446899Z libxcomposite1 is already the newest version (1:0.4.5-1build3).
2026-10-06T02:11:13.6447410Z libxcomposite1 set to manually installed.
2026-10-06T02:11:13.6448009Z libxdamage1 is already the newest version (1:1.1.6-1build1).
2026-10-06T02:11:13.6448679Z libxdamage1 set to manually installed.
2026-10-06T02:11:13.6449089Z libxext6 is already the newest version (2:1.3.4-1build2).
2026-10-06T02:11:13.6449462Z libxext6 set to manually installed.
2026-10-06T02:11:13.6449935Z libxfixes3 is already the newest version (1:6.0.0-2build1).
2026-10-06T02:11:13.6450431Z libxfixes3 set to manually installed.
2026-10-06T02:11:13.6450829Z libxkbcommon0 is already the newest version (1.6.0-1build1).
2026-10-06T02:11:13.6451222Z libxkbcommon0 set to manually installed.
2026-10-06T02:11:13.6451640Z libxrandr2 is already the newest version (2:1.5.2-2build1).
2026-10-06T02:11:13.6452050Z libxrandr2 set to manually installed.
2026-10-06T02:11:13.6452445Z xvfb is already the newest version (2:21.1.12-1ubuntu1.8).
2026-10-06T02:11:13.6452980Z fonts-noto-color-emoji is already the newest version (2.047-0ubuntu0.24.04.1).
2026-10-06T02:11:13.6453540Z libfontconfig1 is already the newest version (2.15.0-1.1ubuntu2).
2026-10-06T02:11:13.6453957Z libfontconfig1 set to manually installed.
2026-10-06T02:11:13.6454400Z libfreetype6 is already the newest version (2.13.2+dfsg-1ubuntu0.1).
2026-10-06T02:11:13.6454836Z libfreetype6 set to manually installed.
2026-10-06T02:11:13.6455247Z fonts-liberation is already the newest version (1:2.1.5-3).
2026-10-06T02:11:13.6455662Z fonts-liberation set to manually installed.
2026-10-06T02:11:13.6456061Z The following additional packages will be installed:
2026-10-06T02:11:13.6456555Z   libgl1-mesa-dri libglx-mesa0 mesa-libgallium xfonts-encodings xfonts-utils
2026-10-06T02:11:13.6457170Z Recommended packages:
2026-10-06T02:11:13.6457462Z   fonts-ipafont-mincho fonts-tlwg-loma
2026-10-06T02:11:13.7245189Z The following NEW packages will be installed:
2026-10-06T02:11:13.7246277Z   fonts-freefont-ttf fonts-ipafont-gothic fonts-tlwg-loma-otf fonts-unifont
2026-10-06T02:11:13.7256970Z   fonts-wqy-zenhei xfonts-cyrillic xfonts-encodings xfonts-scalable
2026-10-06T02:11:13.7257703Z   xfonts-utils
2026-10-06T02:11:13.7264067Z The following packages will be upgraded:
2026-10-06T02:11:13.7270565Z   libgbm1 libgl1-mesa-dri libglx-mesa0 mesa-libgallium
2026-10-06T02:11:13.7452974Z 4 upgraded, 9 newly installed, 0 to remove and 21 not upgraded.
2026-10-06T02:11:13.7453706Z Need to get 32.1 MB of archives.
2026-10-06T02:11:13.7454519Z After this operation, 79.5 MB of additional disk space will be used.
2026-10-06T02:11:13.7455428Z Get:1 file:/etc/apt/apt-mirrors.txt Mirrorlist [144 B]
2026-10-06T02:11:13.8344195Z Get:2 http://azure.archive.ubuntu.com/ubuntu noble/universe amd64 fonts-ipafont-gothic all 00303-21ubuntu1 [3513 kB]
2026-10-06T02:11:13.9775899Z Get:3 http://azure.archive.ubuntu.com/ubuntu noble/main amd64 fonts-freefont-ttf all 20211204+svn4273-2 [5641 kB]
2026-10-06T02:11:14.1743166Z Get:4 http://azure.archive.ubuntu.com/ubuntu noble/universe amd64 fonts-tlwg-loma-otf all 1:0.7.3-1 [107 kB]
2026-10-06T02:11:14.2448227Z Get:5 http://azure.archive.ubuntu.com/ubuntu noble/universe amd64 fonts-unifont all 1:15.1.01-1build1 [2993 kB]
2026-10-06T02:11:14.3789957Z Get:6 http://azure.archive.ubuntu.com/ubuntu noble/universe amd64 fonts-wqy-zenhei all 0.9.45-8 [7472 kB]
2026-10-06T02:11:14.6143587Z Get:7 http://azure.archive.ubuntu.com/ubuntu noble-updates/main amd64 libgl1-mesa-dri amd64 25.2.8-0ubuntu0.24.04.4 [38.0 kB]
2026-10-06T02:11:14.6837123Z Get:8 http://azure.archive.ubuntu.com/ubuntu noble-updates/main amd64 libglx-mesa0 amd64 25.2.8-0ubuntu0.24.04.4 [110 kB]
2026-10-06T02:11:14.7544554Z Get:9 http://azure.archive.ubuntu.com/ubuntu noble-updates/main amd64 libgbm1 amd64 25.2.8-0ubuntu0.24.04.4 [34.2 kB]
2026-10-06T02:11:14.8239822Z Get:10 http://azure.archive.ubuntu.com/ubuntu noble-updates/main amd64 mesa-libgallium amd64 25.2.8-0ubuntu0.24.04.4 [10.8 MB]
2026-10-06T02:11:15.1276925Z Get:11 http://azure.archive.ubuntu.com/ubuntu noble/main amd64 xfonts-encodings all 1:1.0.5-0ubuntu2 [578 kB]
2026-10-06T02:11:15.2114760Z Get:12 http://azure.archive.ubuntu.com/ubuntu noble/main amd64 xfonts-utils amd64 1:7.7+6build3 [94.4 kB]
2026-10-06T02:11:15.2842038Z Get:13 http://azure.archive.ubuntu.com/ubuntu noble/universe amd64 xfonts-cyrillic all 1:1.0.5+nmu1 [384 kB]
2026-10-06T02:11:15.3637815Z Get:14 http://azure.archive.ubuntu.com/ubuntu noble/main amd64 xfonts-scalable all 1:1.0.3-1.3 [304 kB]
2026-10-06T02:11:15.7126883Z Fetched 32.1 MB in 2s (19.6 MB/s)
2026-10-06T02:11:15.8668067Z Selecting previously unselected package fonts-ipafont-gothic.
2026-10-06T02:11:16.0908475Z (Reading database ... 
2026-10-06T02:11:16.0909122Z (Reading database ... 5%
2026-10-06T02:11:16.0909526Z (Reading database ... 10%
2026-10-06T02:11:16.0909890Z (Reading database ... 15%
2026-10-06T02:11:16.0910256Z (Reading database ... 20%
2026-10-06T02:11:16.0910595Z (Reading database ... 25%
2026-10-06T02:11:16.0910934Z (Reading database ... 30%
2026-10-06T02:11:16.0911279Z (Reading database ... 35%
2026-10-06T02:11:16.0911617Z (Reading database ... 40%
2026-10-06T02:11:16.0911965Z (Reading database ... 45%
2026-10-06T02:11:16.0912304Z (Reading database ... 50%
2026-10-06T02:11:16.2682143Z (Reading database ... 55%
2026-10-06T02:11:19.3352410Z (Reading database ... 60%
2026-10-06T02:11:20.8743160Z (Reading database ... 65%
2026-10-06T02:11:22.2599791Z (Reading database ... 70%
2026-10-06T02:11:23.6719136Z (Reading database ... 75%
2026-10-06T02:11:25.7200449Z (Reading database ... 80%
2026-10-06T02:11:28.9656608Z (Reading database ... 85%
2026-10-06T02:11:32.7712861Z (Reading database ... 90%
2026-10-06T02:11:35.8932876Z (Reading database ... 95%
2026-10-06T02:11:35.8933321Z (Reading database ... 100%
2026-10-06T02:11:35.8934102Z (Reading database ... 202296 files and directories currently installed.)
2026-10-06T02:11:35.8975744Z Preparing to unpack .../00-fonts-ipafont-gothic_00303-21ubuntu1_all.deb ...
2026-10-06T02:11:35.9099297Z Unpacking fonts-ipafont-gothic (00303-21ubuntu1) ...
2026-10-06T02:11:36.1397195Z Selecting previously unselected package fonts-freefont-ttf.
2026-10-06T02:11:36.1522468Z Preparing to unpack .../01-fonts-freefont-ttf_20211204+svn4273-2_all.deb ...
2026-10-06T02:11:36.1528644Z Unpacking fonts-freefont-ttf (20211204+svn4273-2) ...
2026-10-06T02:11:36.2272495Z Selecting previously unselected package fonts-tlwg-loma-otf.
2026-10-06T02:11:36.2395452Z Preparing to unpack .../02-fonts-tlwg-loma-otf_1%3a0.7.3-1_all.deb ...
2026-10-06T02:11:36.2401528Z Unpacking fonts-tlwg-loma-otf (1:0.7.3-1) ...
2026-10-06T02:11:36.2781090Z Selecting previously unselected package fonts-unifont.
2026-10-06T02:11:36.2904370Z Preparing to unpack .../03-fonts-unifont_1%3a15.1.01-1build1_all.deb ...
2026-10-06T02:11:36.2910961Z Unpacking fonts-unifont (1:15.1.01-1build1) ...
2026-10-06T02:11:36.4222588Z Selecting previously unselected package fonts-wqy-zenhei.
2026-10-06T02:11:36.4346971Z Preparing to unpack .../04-fonts-wqy-zenhei_0.9.45-8_all.deb ...
2026-10-06T02:11:36.4459258Z Unpacking fonts-wqy-zenhei (0.9.45-8) ...
2026-10-06T02:11:36.9169279Z Preparing to unpack .../05-libgl1-mesa-dri_25.2.8-0ubuntu0.24.04.4_amd64.deb ...
2026-10-06T02:11:36.9312162Z Unpacking libgl1-mesa-dri:amd64 (25.2.8-0ubuntu0.24.04.4) over (25.2.8-0ubuntu0.24.04.2) ...
2026-10-06T02:11:37.0587817Z Preparing to unpack .../06-libglx-mesa0_25.2.8-0ubuntu0.24.04.4_amd64.deb ...
2026-10-06T02:11:37.0615808Z Unpacking libglx-mesa0:amd64 (25.2.8-0ubuntu0.24.04.4) over (25.2.8-0ubuntu0.24.04.2) ...
2026-10-06T02:11:37.1176664Z Preparing to unpack .../07-libgbm1_25.2.8-0ubuntu0.24.04.4_amd64.deb ...
2026-10-06T02:11:37.1527806Z Unpacking libgbm1:amd64 (25.2.8-0ubuntu0.24.04.4) over (25.2.8-0ubuntu0.24.04.2) ...
2026-10-06T02:11:37.2057465Z Preparing to unpack .../08-mesa-libgallium_25.2.8-0ubuntu0.24.04.4_amd64.deb ...
2026-10-06T02:11:37.2078673Z Unpacking mesa-libgallium:amd64 (25.2.8-0ubuntu0.24.04.4) over (25.2.8-0ubuntu0.24.04.2) ...
2026-10-06T02:11:37.3732422Z Selecting previously unselected package xfonts-encodings.
2026-10-06T02:11:37.3855084Z Preparing to unpack .../09-xfonts-encodings_1%3a1.0.5-0ubuntu2_all.deb ...
2026-10-06T02:11:37.3860534Z Unpacking xfonts-encodings (1:1.0.5-0ubuntu2) ...
2026-10-06T02:11:37.4136149Z Selecting previously unselected package xfonts-utils.
2026-10-06T02:11:37.4258753Z Preparing to unpack .../10-xfonts-utils_1%3a7.7+6build3_amd64.deb ...
2026-10-06T02:11:37.4264481Z Unpacking xfonts-utils (1:7.7+6build3) ...
2026-10-06T02:11:37.6225110Z Selecting previously unselected package xfonts-cyrillic.
2026-10-06T02:11:37.6349716Z Preparing to unpack .../11-xfonts-cyrillic_1%3a1.0.5+nmu1_all.deb ...
2026-10-06T02:11:37.6357104Z Unpacking xfonts-cyrillic (1:1.0.5+nmu1) ...
2026-10-06T02:11:37.6693762Z Selecting previously unselected package xfonts-scalable.
2026-10-06T02:11:37.6822074Z Preparing to unpack .../12-xfonts-scalable_1%3a1.0.3-1.3_all.deb ...
2026-10-06T02:11:37.6829313Z Unpacking xfonts-scalable (1:1.0.3-1.3) ...
2026-10-06T02:11:37.7262983Z Setting up mesa-libgallium:amd64 (25.2.8-0ubuntu0.24.04.4) ...
2026-10-06T02:11:37.7282593Z Setting up libgbm1:amd64 (25.2.8-0ubuntu0.24.04.4) ...
2026-10-06T02:11:37.7302092Z Setting up libgl1-mesa-dri:amd64 (25.2.8-0ubuntu0.24.04.4) ...
2026-10-06T02:11:37.7375540Z Setting up fonts-wqy-zenhei (0.9.45-8) ...
2026-10-06T02:11:37.7484327Z Setting up fonts-freefont-ttf (20211204+svn4273-2) ...
2026-10-06T02:11:37.7501050Z Setting up fonts-tlwg-loma-otf (1:0.7.3-1) ...
2026-10-06T02:11:37.7516553Z Setting up xfonts-encodings (1:1.0.5-0ubuntu2) ...
2026-10-06T02:11:37.7535275Z Setting up fonts-ipafont-gothic (00303-21ubuntu1) ...
2026-10-06T02:11:37.7598609Z update-alternatives: using /usr/share/fonts/opentype/ipafont-gothic/ipag.ttf to provide /usr/share/fonts/truetype/fonts-japanese-gothic.ttf (fonts-japanese-gothic.ttf) in auto mode
2026-10-06T02:11:37.7611335Z Setting up fonts-unifont (1:15.1.01-1build1) ...
2026-10-06T02:11:37.7628761Z Setting up libglx-mesa0:amd64 (25.2.8-0ubuntu0.24.04.4) ...
2026-10-06T02:11:37.7646304Z Setting up xfonts-utils (1:7.7+6build3) ...
2026-10-06T02:11:37.7683732Z Setting up xfonts-cyrillic (1:1.0.5+nmu1) ...
2026-10-06T02:11:37.8293384Z Setting up xfonts-scalable (1:1.0.3-1.3) ...
2026-10-06T02:11:37.8856792Z Processing triggers for libc-bin (2.39-0ubuntu8.9) ...
2026-10-06T02:11:38.0016092Z Processing triggers for man-db (2.12.0-4build2) ...
2026-10-06T02:11:38.0038109Z Not building database; man-db/auto-update is not 'true'.
2026-10-06T02:11:38.0053712Z Processing triggers for fontconfig (2.15.0-1.1ubuntu2) ...
2026-10-06T02:11:41.3195021Z 
2026-10-06T02:11:41.3195796Z Running kernel seems to be up-to-date.
2026-10-06T02:11:41.3199658Z 
2026-10-06T02:11:41.3200193Z No services need to be restarted.
2026-10-06T02:11:41.3200496Z 
2026-10-06T02:11:41.3200895Z No containers need to be restarted.
2026-10-06T02:11:41.3201259Z 
2026-10-06T02:11:41.3201997Z No user sessions are running outdated binaries.
2026-10-06T02:11:41.3202436Z 
2026-10-06T02:11:41.3203161Z No VM guests are running outdated hypervisor (qemu) binaries on this host.
2026-10-06T02:11:42.1784406Z Downloading Chrome for Testing 149.0.7827.55 (playwright chromium v1228) from https://cdn.playwright.dev/builds/cft/149.0.7827.55/linux64/chrome-linux64.zip
2026-10-06T02:11:43.2842761Z |                                                                                |   0% of 177 MiB
2026-10-06T02:11:43.4627073Z |■■■■■■■■                                                                        |  10% of 177 MiB
2026-10-06T02:11:43.6615572Z |■■■■■■■■■■■■■■■■                                                                |  20% of 177 MiB
2026-10-06T02:11:43.8591180Z |■■■■■■■■■■■■■■■■■■■■■■■■                                                        |  30% of 177 MiB
2026-10-06T02:11:44.0416107Z |■■■■■■■■■■■■■■■■■■■■■■■■■■■■■■■■                                                |  40% of 177 MiB
2026-10-06T02:11:44.2392510Z |■■■■■■■■■■■■■■■■■■■■■■■■■■■■■■■■■■■■■■■■                                        |  50% of 177 MiB
2026-10-06T02:11:44.4220492Z |■■■■■■■■■■■■■■■■■■■■■■■■■■■■■■■■■■■■■■■■■■■■■■■■                                |  60% of 177 MiB
2026-10-06T02:11:44.5853030Z |■■■■■■■■■■■■■■■■■■■■■■■■■■■■■■■■■■■■■■■■■■■■■■■■■■■■■■■■                        |  70% of 177 MiB
2026-10-06T02:11:44.7089289Z |■■■■■■■■■■■■■■■■■■■■■■■■■■■■■■■■■■■■■■■■■■■■■■■■■■■■■■■■■■■■■■■■                |  80% of 177 MiB
2026-10-06T02:11:44.8329939Z |■■■■■■■■■■■■■■■■■■■■■■■■■■■■■■■■■■■■■■■■■■■■■■■■■■■■■■■■■■■■■■■■■■■■■■■■        |  90% of 177 MiB
2026-10-06T02:11:44.9658220Z |■■■■■■■■■■■■■■■■■■■■■■■■■■■■■■■■■■■■■■■■■■■■■■■■■■■■■■■■■■■■■■■■■■■■■■■■■■■■■■■■| 100% of 177 MiB
2026-10-06T02:11:47.6401460Z Chrome for Testing 149.0.7827.55 (playwright chromium v1228) downloaded to /home/runner/.cache/ms-playwright/chromium-1228
2026-10-06T02:11:47.6404436Z Downloading FFmpeg (playwright ffmpeg v1011) from https://cdn.playwright.dev/dbazure/download/playwright/builds/ffmpeg/1011/ffmpeg-linux.zip
2026-10-06T02:11:48.6219345Z |                                                                                |   0% of 2.3 MiB
2026-10-06T02:11:48.6450935Z |■■■■■■■■                                                                        |  10% of 2.3 MiB
2026-10-06T02:11:48.6595243Z |■■■■■■■■■■■■■■■■                                                                |  20% of 2.3 MiB
2026-10-06T02:11:48.6686608Z |■■■■■■■■■■■■■■■■■■■■■■■■                                                        |  30% of 2.3 MiB
2026-10-06T02:11:48.6770022Z |■■■■■■■■■■■■■■■■■■■■■■■■■■■■■■■■                                                |  40% of 2.3 MiB
2026-10-06T02:11:48.6803104Z |■■■■■■■■■■■■■■■■■■■■■■■■■■■■■■■■■■■■■■■■                                        |  50% of 2.3 MiB
2026-10-06T02:11:48.6871685Z |■■■■■■■■■■■■■■■■■■■■■■■■■■■■■■■■■■■■■■■■■■■■■■■■                                |  60% of 2.3 MiB
2026-10-06T02:11:48.6882926Z |■■■■■■■■■■■■■■■■■■■■■■■■■■■■■■■■■■■■■■■■■■■■■■■■■■■■■■■■                        |  70% of 2.3 MiB
2026-10-06T02:11:48.6969685Z |■■■■■■■■■■■■■■■■■■■■■■■■■■■■■■■■■■■■■■■■■■■■■■■■■■■■■■■■■■■■■■■■                |  80% of 2.3 MiB
2026-10-06T02:11:48.6980070Z |■■■■■■■■■■■■■■■■■■■■■■■■■■■■■■■■■■■■■■■■■■■■■■■■■■■■■■■■■■■■■■■■■■■■■■■■        |  90% of 2.3 MiB
2026-10-06T02:11:48.6991866Z |■■■■■■■■■■■■■■■■■■■■■■■■■■■■■■■■■■■■■■■■■■■■■■■■■■■■■■■■■■■■■■■■■■■■■■■■■■■■■■■■| 100% of 2.3 MiB
2026-10-06T02:11:48.7603458Z FFmpeg (playwright ffmpeg v1011) downloaded to /home/runner/.cache/ms-playwright/ffmpeg-1011
2026-10-06T02:11:48.7606524Z Downloading Chrome Headless Shell 149.0.7827.55 (playwright chromium-headless-shell v1228) from https://cdn.playwright.dev/builds/cft/149.0.7827.55/linux64/chrome-headless-shell-linux64.zip
2026-10-06T02:11:49.7909143Z |                                                                                |   0% of 114.2 MiB
2026-10-06T02:11:49.9059237Z |■■■■■■■■                                                                        |  10% of 114.2 MiB
2026-10-06T02:11:49.9695460Z |■■■■■■■■■■■■■■■■                                                                |  20% of 114.2 MiB
2026-10-06T02:11:50.0347502Z |■■■■■■■■■■■■■■■■■■■■■■■■                                                        |  30% of 114.2 MiB
2026-10-06T02:11:50.1136870Z |■■■■■■■■■■■■■■■■■■■■■■■■■■■■■■■■                                                |  40% of 114.2 MiB
2026-10-06T02:11:50.1825279Z |■■■■■■■■■■■■■■■■■■■■■■■■■■■■■■■■■■■■■■■■                                        |  50% of 114.2 MiB
2026-10-06T02:11:50.2532208Z |■■■■■■■■■■■■■■■■■■■■■■■■■■■■■■■■■■■■■■■■■■■■■■■■                                |  60% of 114.2 MiB
2026-10-06T02:11:50.3127824Z |■■■■■■■■■■■■■■■■■■■■■■■■■■■■■■■■■■■■■■■■■■■■■■■■■■■■■■■■                        |  70% of 114.2 MiB
2026-10-06T02:11:50.3828936Z |■■■■■■■■■■■■■■■■■■■■■■■■■■■■■■■■■■■■■■■■■■■■■■■■■■■■■■■■■■■■■■■■                |  80% of 114.2 MiB
2026-10-06T02:11:50.4460357Z |■■■■■■■■■■■■■■■■■■■■■■■■■■■■■■■■■■■■■■■■■■■■■■■■■■■■■■■■■■■■■■■■■■■■■■■■        |  90% of 114.2 MiB
2026-10-06T02:11:50.5005490Z |■■■■■■■■■■■■■■■■■■■■■■■■■■■■■■■■■■■■■■■■■■■■■■■■■■■■■■■■■■■■■■■■■■■■■■■■■■■■■■■■| 100% of 114.2 MiB
2026-10-06T02:11:52.4464416Z Chrome Headless Shell 149.0.7827.55 (playwright chromium-headless-shell v1228) downloaded to /home/runner/.cache/ms-playwright/chromium_headless_shell-1228
2026-10-06T02:11:52.4715849Z ##[group]Run npm run test:e2e
2026-10-06T02:11:52.4716158Z [36;1mnpm run test:e2e[0m
2026-10-06T02:11:52.4778930Z shell: /usr/bin/bash -e {0}
2026-10-06T02:11:52.4779201Z ##[endgroup]
2026-10-06T02:11:52.5796379Z 
2026-10-06T02:11:52.5796825Z > test:e2e
2026-10-06T02:11:52.5797541Z > npm run test:e2e --workspace=packages/console
2026-10-06T02:11:52.5797900Z 
2026-10-06T02:11:52.6960542Z 
2026-10-06T02:11:52.6961227Z > @basedagents/console@0.1.0 test:e2e
2026-10-06T02:11:52.6961805Z > playwright test
2026-10-06T02:11:52.6961959Z 
2026-10-06T02:11:56.3790113Z 
2026-10-06T02:11:56.3790695Z Running 9 tests using 1 worker
2026-10-06T02:11:56.3808134Z 
2026-10-06T02:12:02.9006608Z   ✓  1 e2e/passkey.spec.ts:198:1 › 1. start: new email + magic link → account created, look-only session, nothing to sign with (2.6s)
2026-10-06T02:12:05.5624480Z [WebServer] [posthog] POSTHOG_PROJECT_TOKEN is not set — product analytics and error tracking are OFF. Set it (and optionally POSTHOG_HOST) in .env / the Worker vars for this environment.
2026-10-06T02:12:07.3954329Z   ✓  2 e2e/passkey.spec.ts:231:1 › 2. first action mints the passkey; the stored passkey is the minted one; second action is signature-only (4.5s)
2026-10-06T02:12:12.1649955Z   ✓  3 e2e/passkey.spec.ts:277:1 › 3. login, both rungs: magic link → look session (email); passkey → full rung (4.8s)
2026-10-06T02:12:17.5282601Z   ✓  4 e2e/passkey.spec.ts:316:1 › 4. recovery: magic link + code → new passkey; old passkey dead, connected agent intact (5.4s)
2026-10-06T02:12:21.2720062Z   ✓  5 e2e/passkey.spec.ts:374:1 › 5. negative: aborted creation ceremony → no passkey, nothing connected; retry succeeds (3.7s)
2026-10-06T02:12:26.1752096Z   ✓  6 e2e/passkey.spec.ts:417:1 › 6. /start with a returning email signs in with the one field — same account, no second one (4.9s)
2026-10-06T02:12:30.9087474Z   ✓  7 e2e/tasks.spec.ts:167:1 › 1. post: /tasks/new → the task shows on /tasks and on the public list as posted by a human (4.7s)
2026-10-06T02:12:35.3940863Z   ✓  8 e2e/tasks.spec.ts:212:1 › 1b. prefill: /tasks/new?title=…&description=… seeds the composer (draft_task_link handoff) (4.5s)
2026-10-06T02:12:41.3403090Z   ✓  9 e2e/tasks.spec.ts:254:1 › 2. review: delivered → request changes → delivered again → accept (5.9s)
2026-10-06T02:12:41.4406501Z 
2026-10-06T02:12:41.4445501Z ##[notice]  9 passed (48.1s)
2026-10-06T02:12:41.4455154Z   9 passed (48.1s)
2026-10-06T02:12:41.4771500Z Post job cleanup.
2026-10-06T02:12:41.5997214Z (node:3507) [DEP0040] DeprecationWarning: The `punycode` module is deprecated. Please use a userland alternative instead.
2026-10-06T02:12:41.5998112Z (Use `node --trace-deprecation ...` to show where the warning was created)
2026-10-06T02:12:41.6247784Z [command]/usr/bin/tar --posix -cf cache.tzst --exclude cache.tzst -P -C /home/runner/work/basedagents/basedagents --files-from manifest.txt --use-compress-program zstdmt
2026-10-06T02:12:42.0490149Z Failed to save: Unable to reserve cache with key node-cache-Linux-x64-npm-f0dfbeccf4cf03614a1c70e0a334c7d6dee17688428dbfb743ab1fccbde237df, another job may be creating this cache.
2026-10-06T02:12:42.0669782Z Post job cleanup.
2026-10-06T02:12:42.1561354Z [command]/usr/bin/git version
2026-10-06T02:12:42.1605066Z git version 2.55.0
2026-10-06T02:12:42.1646581Z Temporarily overriding HOME='/home/runner/work/_temp/b4ee2680-5822-48bc-8f29-7579e9e8f012' before making global git config changes
2026-10-06T02:12:42.1648078Z Adding repository directory to the temporary git global config as a safe directory
2026-10-06T02:12:42.1653835Z [command]/usr/bin/git config --global --add safe.directory /home/runner/work/basedagents/basedagents
2026-10-06T02:12:42.1696553Z [command]/usr/bin/git config --local --name-only --get-regexp core\.sshCommand
2026-10-06T02:12:42.1747006Z [command]/usr/bin/git submodule foreach --recursive sh -c "git config --local --name-only --get-regexp 'core\.sshCommand' && git config --local --unset-all 'core.sshCommand' || :"
2026-10-06T02:12:42.2011703Z [command]/usr/bin/git config --local --name-only --get-regexp http\.https\:\/\/github\.com\/\.extraheader
2026-10-06T02:12:42.2043857Z http.https://github.com/.extraheader
2026-10-06T02:12:42.2058917Z [command]/usr/bin/git config --local --unset-all http.https://github.com/.extraheader
2026-10-06T02:12:42.2101597Z [command]/usr/bin/git submodule foreach --recursive sh -c "git config --local --name-only --get-regexp 'http\.https\:\/\/github\.com\/\.extraheader' && git config --local --unset-all 'http.https://github.com/.extraheader' || :"
2026-10-06T02:12:42.2366532Z [command]/usr/bin/git config --local --name-only --get-regexp ^includeIf\.gitdir:
2026-10-06T02:12:42.2437641Z [command]/usr/bin/git submodule foreach --recursive git config --local --show-origin --name-only --get-regexp remote.origin.url
2026-10-06T02:12:42.2900275Z Cleaning up orphan processes
2026-10-06T02:12:42.3244210Z ##[warning]Node.js 20 is deprecated. The following actions target Node.js 20 but are being forced to run on Node.js 24: actions/checkout@11d5960a326750d5838078e36cf38b85af677262, actions/setup-node@49933ea5288caeca8642d1e84afbd3f7d6820020. For more information see: https://github.blog/changelog/2025-09-19-deprecation-of-node-20-on-github-actions-runners/
