2026-10-10T16:33:59.8308396Z Current runner version: '2.337.0'
2026-10-10T16:33:59.8330329Z ##[group]Runner Image Provisioner
2026-10-10T16:33:59.8331173Z Hosted Compute Agent
2026-10-10T16:33:59.8331656Z Version: 20261002.596
2026-10-10T16:33:59.8332200Z Commit: c3d12f3313a95f25162a1503be624f3b0617f8c0
2026-10-10T16:33:59.8332861Z Build Date: 2026-10-02T22:28:27Z
2026-10-10T16:33:59.8333620Z Worker ID: {2bc48c96-db4b-4a14-8e34-17a30ab191b2}
2026-10-10T16:33:59.8334262Z Region: westus3
2026-10-10T16:33:59.8334727Z Cloud: Azure
2026-10-10T16:33:59.8335203Z ##[endgroup]
2026-10-10T16:33:59.8336345Z ##[group]Operating System
2026-10-10T16:33:59.8336903Z Ubuntu
2026-10-10T16:33:59.8337402Z 24.04.5
2026-10-10T16:33:59.8337852Z LTS
2026-10-10T16:33:59.8338282Z ##[endgroup]
2026-10-10T16:33:59.8338858Z ##[group]Runner Image
2026-10-10T16:33:59.8339398Z Image: ubuntu-24.04
2026-10-10T16:33:59.8339919Z Version: 20261004.327.1
2026-10-10T16:33:59.8341005Z Included Software: https://github.com/actions/runner-images/blob/ubuntu24/20261004.327/images/ubuntu/Ubuntu2404-Readme.md
2026-10-10T16:33:59.8342308Z Image Release: https://github.com/actions/runner-images/releases/tag/ubuntu24%2F20261004.327
2026-10-10T16:33:59.8343258Z ##[endgroup]
2026-10-10T16:33:59.8344500Z ##[group]GITHUB_TOKEN Permissions
2026-10-10T16:33:59.8346261Z Contents: read
2026-10-10T16:33:59.8346833Z Metadata: read
2026-10-10T16:33:59.8347342Z ##[endgroup]
2026-10-10T16:33:59.8349030Z Secret source: Actions
2026-10-10T16:33:59.8349926Z Cache mode: write
2026-10-10T16:33:59.8350495Z Prepare workflow directory
2026-10-10T16:33:59.8614264Z Prepare all required actions
2026-10-10T16:33:59.8653897Z Getting action download info
2026-10-10T16:34:00.1692793Z Download action repository 'actions/checkout@11d5960a326750d5838078e36cf38b85af677262' (SHA:11d5960a326750d5838078e36cf38b85af677262)
2026-10-10T16:34:00.3808141Z Download action repository 'actions/setup-node@49933ea5288caeca8642d1e84afbd3f7d6820020' (SHA:49933ea5288caeca8642d1e84afbd3f7d6820020)
2026-10-10T16:34:00.5802208Z Complete job name: dryrun (packages/sdk)
2026-10-10T16:34:00.6415973Z ##[group]Run actions/checkout@11d5960a326750d5838078e36cf38b85af677262
2026-10-10T16:34:00.6416780Z with:
2026-10-10T16:34:00.6417139Z   repository: tshyshko/basedagents
2026-10-10T16:34:00.6420087Z   token: ***
2026-10-10T16:34:00.6420446Z   ssh-strict: true
2026-10-10T16:34:00.6420801Z   ssh-user: git
2026-10-10T16:34:00.6421155Z   persist-credentials: true
2026-10-10T16:34:00.6421546Z   clean: true
2026-10-10T16:34:00.6421908Z   sparse-checkout-cone-mode: true
2026-10-10T16:34:00.6422318Z   fetch-depth: 1
2026-10-10T16:34:00.6422661Z   fetch-tags: false
2026-10-10T16:34:00.6423010Z   show-progress: true
2026-10-10T16:34:00.6423587Z   lfs: false
2026-10-10T16:34:00.6423916Z   submodules: false
2026-10-10T16:34:00.6424293Z   set-safe-directory: true
2026-10-10T16:34:00.6424700Z   allow-unsafe-pr-checkout: false
2026-10-10T16:34:00.6425261Z ##[endgroup]
2026-10-10T16:34:00.7237513Z Syncing repository: tshyshko/basedagents
2026-10-10T16:34:00.7239589Z ##[group]Getting Git version info
2026-10-10T16:34:00.7240542Z Working directory is '/home/runner/work/basedagents/basedagents'
2026-10-10T16:34:00.7241865Z [command]/usr/bin/git version
2026-10-10T16:34:00.8824446Z git version 2.55.0
2026-10-10T16:34:00.8841489Z ##[endgroup]
2026-10-10T16:34:00.8854134Z Temporarily overriding HOME='/home/runner/work/_temp/16979a0d-180f-4445-add1-4c685cae3b24' before making global git config changes
2026-10-10T16:34:00.8855880Z Adding repository directory to the temporary git global config as a safe directory
2026-10-10T16:34:00.8858786Z [command]/usr/bin/git config --global --add safe.directory /home/runner/work/basedagents/basedagents
2026-10-10T16:34:00.8907975Z Deleting the contents of '/home/runner/work/basedagents/basedagents'
2026-10-10T16:34:00.8914562Z ##[group]Initializing the repository
2026-10-10T16:34:00.8915833Z [command]/usr/bin/git init /home/runner/work/basedagents/basedagents
2026-10-10T16:34:00.9082399Z hint: Using 'master' as the name for the initial branch. This default branch name
2026-10-10T16:34:00.9084389Z hint: will change to "main" in Git 3.0. To configure the initial branch name
2026-10-10T16:34:00.9092970Z hint: to use in all of your new repositories, which will suppress this warning,
2026-10-10T16:34:00.9104123Z hint: call:
2026-10-10T16:34:00.9104870Z hint:
2026-10-10T16:34:00.9105692Z hint: 	git config --global init.defaultBranch <name>
2026-10-10T16:34:00.9106647Z hint:
2026-10-10T16:34:00.9107511Z hint: Names commonly chosen instead of 'master' are 'main', 'trunk' and
2026-10-10T16:34:00.9108901Z hint: 'development'. The just-created branch can be renamed via this command:
2026-10-10T16:34:00.9110020Z hint:
2026-10-10T16:34:00.9110745Z hint: 	git branch -m <name>
2026-10-10T16:34:00.9111421Z hint:
2026-10-10T16:34:00.9112186Z hint: Disable this message with "git config set advice.defaultBranchName false"
2026-10-10T16:34:00.9121543Z Initialized empty Git repository in /home/runner/work/basedagents/basedagents/.git/
2026-10-10T16:34:00.9124548Z [command]/usr/bin/git remote add origin https://github.com/tshyshko/basedagents
2026-10-10T16:34:00.9148090Z ##[endgroup]
2026-10-10T16:34:00.9149501Z ##[group]Disabling automatic garbage collection
2026-10-10T16:34:00.9151456Z [command]/usr/bin/git config --local gc.auto 0
2026-10-10T16:34:00.9182753Z ##[endgroup]
2026-10-10T16:34:00.9183520Z ##[group]Setting up auth
2026-10-10T16:34:00.9187922Z [command]/usr/bin/git config --local --name-only --get-regexp core\.sshCommand
2026-10-10T16:34:00.9216844Z [command]/usr/bin/git submodule foreach --recursive sh -c "git config --local --name-only --get-regexp 'core\.sshCommand' && git config --local --unset-all 'core.sshCommand' || :"
2026-10-10T16:34:00.9521322Z [command]/usr/bin/git config --local --name-only --get-regexp http\.https\:\/\/github\.com\/\.extraheader
2026-10-10T16:34:00.9552541Z [command]/usr/bin/git submodule foreach --recursive sh -c "git config --local --name-only --get-regexp 'http\.https\:\/\/github\.com\/\.extraheader' && git config --local --unset-all 'http.https://github.com/.extraheader' || :"
2026-10-10T16:34:00.9747096Z [command]/usr/bin/git config --local --name-only --get-regexp ^includeIf\.gitdir:
2026-10-10T16:34:00.9780550Z [command]/usr/bin/git submodule foreach --recursive git config --local --show-origin --name-only --get-regexp remote.origin.url
2026-10-10T16:34:00.9976784Z [command]/usr/bin/git config --local http.https://github.com/.extraheader AUTHORIZATION: basic ***
2026-10-10T16:34:01.0107888Z ##[endgroup]
2026-10-10T16:34:01.0108587Z ##[group]Fetching the repository
2026-10-10T16:34:01.0116385Z [command]/usr/bin/git -c protocol.version=2 fetch --no-tags --prune --no-recurse-submodules --depth=1 origin +2350a3bd34dbb240857d8b2c0e9ce7bd7abc361c:refs/remotes/origin/verify/f4-npm-pin
2026-10-10T16:34:02.4447503Z From https://github.com/tshyshko/basedagents
2026-10-10T16:34:02.4449041Z  * [new ref]         2350a3bd34dbb240857d8b2c0e9ce7bd7abc361c -> origin/verify/f4-npm-pin
2026-10-10T16:34:02.4452410Z ##[endgroup]
2026-10-10T16:34:02.4453932Z ##[group]Determining the checkout info
2026-10-10T16:34:02.4456528Z ##[endgroup]
2026-10-10T16:34:02.4458198Z [command]/usr/bin/git sparse-checkout disable
2026-10-10T16:34:02.4555424Z [command]/usr/bin/git config --local --unset-all extensions.worktreeConfig
2026-10-10T16:34:02.4623894Z ##[group]Checking out the ref
2026-10-10T16:34:02.4628212Z [command]/usr/bin/git checkout --progress --force -B verify/f4-npm-pin refs/remotes/origin/verify/f4-npm-pin
2026-10-10T16:34:02.5429837Z Switched to a new branch 'verify/f4-npm-pin'
2026-10-10T16:34:02.5431634Z branch 'verify/f4-npm-pin' set up to track 'origin/verify/f4-npm-pin'.
2026-10-10T16:34:02.5439221Z ##[endgroup]
2026-10-10T16:34:02.5481867Z [command]/usr/bin/git log -1 --format=%H
2026-10-10T16:34:02.5507315Z 2350a3bd34dbb240857d8b2c0e9ce7bd7abc361c
2026-10-10T16:34:02.5817300Z ##[group]Run actions/setup-node@49933ea5288caeca8642d1e84afbd3f7d6820020
2026-10-10T16:34:02.5818553Z with:
2026-10-10T16:34:02.5819301Z   node-version: 22
2026-10-10T16:34:02.5820255Z   cache: npm
2026-10-10T16:34:02.5821013Z   always-auth: false
2026-10-10T16:34:02.5821809Z   check-latest: false
2026-10-10T16:34:02.5828070Z   token: ***
2026-10-10T16:34:02.5828810Z ##[endgroup]
2026-10-10T16:34:02.7013990Z Found in cache @ /opt/hostedtoolcache/node/22.23.3/x64
2026-10-10T16:34:02.7018624Z (node:2081) [DEP0040] DeprecationWarning: The `punycode` module is deprecated. Please use a userland alternative instead.
2026-10-10T16:34:02.7021557Z (Use `node --trace-deprecation ...` to show where the warning was created)
2026-10-10T16:34:02.7024457Z ##[group]Environment details
2026-10-10T16:34:03.3091927Z node: v22.23.3
2026-10-10T16:34:03.3092340Z npm: 10.9.9
2026-10-10T16:34:03.3092655Z yarn: 1.22.22
2026-10-10T16:34:03.3093882Z ##[endgroup]
2026-10-10T16:34:03.3108310Z [command]/opt/hostedtoolcache/node/22.23.3/x64/bin/npm config get cache
2026-10-10T16:34:03.5366609Z /home/runner/.npm
2026-10-10T16:34:03.7525001Z Cache hit for: node-cache-Linux-x64-npm-f0dfbeccf4cf03614a1c70e0a334c7d6dee17688428dbfb743ab1fccbde237df
2026-10-10T16:34:03.7588129Z (node:2081) [DEP0169] DeprecationWarning: `url.parse()` behavior is not standardized and prone to errors that have security implications. Use the WHATWG URL API instead. CVEs are not issued for `url.parse()` vulnerabilities.
2026-10-10T16:34:04.9631816Z Received 40220064 of 44414368 (90.6%), 38.4 MBs/sec
2026-10-10T16:34:04.9744428Z Received 44414368 of 44414368 (100.0%), 41.9 MBs/sec
2026-10-10T16:34:04.9751921Z Cache Size: ~42 MB (44414368 B)
2026-10-10T16:34:04.9766883Z [command]/usr/bin/tar -xf /home/runner/work/_temp/e7b1ca3b-8a01-4f65-886e-d0f32eb854a6/cache.tzst -P -C /home/runner/work/basedagents/basedagents --use-compress-program unzstd
2026-10-10T16:34:05.1019219Z Cache restored successfully
2026-10-10T16:34:05.1054009Z Cache restored from key: node-cache-Linux-x64-npm-f0dfbeccf4cf03614a1c70e0a334c7d6dee17688428dbfb743ab1fccbde237df
2026-10-10T16:34:05.1228388Z ##[group]Run npm install -g npm@11.21.0 && npm --version
2026-10-10T16:34:05.1228802Z [36;1mnpm install -g npm@11.21.0 && npm --version[0m
2026-10-10T16:34:05.1450385Z shell: /usr/bin/bash -e {0}
2026-10-10T16:34:05.1450649Z ##[endgroup]
2026-10-10T16:34:08.7928162Z 
2026-10-10T16:34:08.7936723Z removed 57 packages, and changed 94 packages in 4s
2026-10-10T16:34:08.7937159Z 
2026-10-10T16:34:08.7937411Z 15 packages are looking for funding
2026-10-10T16:34:08.7937839Z   run `npm fund` for details
2026-10-10T16:34:08.8965963Z 11.21.0
2026-10-10T16:34:08.9405092Z ##[group]Run test "$(npm --version)" = "11.21.0"
2026-10-10T16:34:08.9405480Z [36;1mtest "$(npm --version)" = "11.21.0"[0m
2026-10-10T16:34:08.9464071Z shell: /usr/bin/bash -e {0}
2026-10-10T16:34:08.9464308Z ##[endgroup]
2026-10-10T16:34:09.0228539Z ##[group]Run npm ci
2026-10-10T16:34:09.0228760Z [36;1mnpm ci[0m
2026-10-10T16:34:09.0288095Z shell: /usr/bin/bash -e {0}
2026-10-10T16:34:09.0288357Z ##[endgroup]
2026-10-10T16:34:10.8991803Z npm warn deprecated prebuild-install@7.1.3: No longer maintained. Please contact the author of the relevant native addon; alternatives are available.
2026-10-10T16:34:13.4157902Z 
2026-10-10T16:34:13.4158771Z added 488 packages, and audited 495 packages in 4s
2026-10-10T16:34:13.4159179Z 
2026-10-10T16:34:13.4159402Z 186 packages are looking for funding
2026-10-10T16:34:13.4159775Z   run `npm fund` for details
2026-10-10T16:34:13.4214295Z 
2026-10-10T16:34:13.4215047Z 4 vulnerabilities (1 low, 2 high, 1 critical)
2026-10-10T16:34:13.4215387Z 
2026-10-10T16:34:13.4215682Z To address issues that do not require attention, run:
2026-10-10T16:34:13.4216095Z   npm audit fix
2026-10-10T16:34:13.4216259Z 
2026-10-10T16:34:13.4216560Z To address all issues (including breaking changes), run:
2026-10-10T16:34:13.4217290Z   npm audit fix --force
2026-10-10T16:34:13.4217609Z 
2026-10-10T16:34:13.4218001Z Run `npm audit` for details.
2026-10-10T16:34:13.4234061Z npm warn install-scripts 4 packages have install scripts not yet covered by allowScripts:
2026-10-10T16:34:13.4235015Z npm warn install-scripts   better-sqlite3@11.10.0 (install: prebuild-install || node-gyp rebuild --release)
2026-10-10T16:34:13.4236262Z npm warn install-scripts   esbuild@0.27.7 (postinstall: node install.js)
2026-10-10T16:34:13.4236984Z npm warn install-scripts   esbuild@0.25.12 (postinstall: node install.js)
2026-10-10T16:34:13.4237573Z npm warn install-scripts   esbuild@0.25.12 (postinstall: node install.js)
2026-10-10T16:34:13.4237902Z npm warn install-scripts
2026-10-10T16:34:13.4238381Z npm warn install-scripts Run `npm install-scripts ls` to review, or `npm install-scripts approve <pkg>` to allow.
2026-10-10T16:34:13.5505383Z ##[group]Run v=$(jq -r .version "$PKG/package.json")-dryrun.${GITHUB_RUN_ID}.${GITHUB_RUN_ATTEMPT}
2026-10-10T16:34:13.5506169Z [36;1mv=$(jq -r .version "$PKG/package.json")-dryrun.${GITHUB_RUN_ID}.${GITHUB_RUN_ATTEMPT}[0m
2026-10-10T16:34:13.5506808Z [36;1mnpm version --no-git-tag-version --workspace="$PKG" "$v"[0m
2026-10-10T16:34:13.5507319Z [36;1mnpm publish --dry-run --tag dryrun --workspace="$PKG"[0m
2026-10-10T16:34:13.5563236Z shell: /usr/bin/bash -e {0}
2026-10-10T16:34:13.5563456Z env:
2026-10-10T16:34:13.5563619Z   PKG: packages/sdk
2026-10-10T16:34:13.5563808Z ##[endgroup]
2026-10-10T16:34:13.7681607Z basedagents
2026-10-10T16:34:13.7703243Z v0.10.1-dryrun.38068178940.1
2026-10-10T16:34:14.1334240Z 
2026-10-10T16:34:14.1334900Z up to date in 528ms
2026-10-10T16:34:14.1335254Z 
2026-10-10T16:34:14.1335450Z 186 packages are looking for funding
2026-10-10T16:34:14.1335852Z   run `npm fund` for details
2026-10-10T16:34:14.1347506Z npm warn install-scripts 4 packages have install scripts not yet covered by allowScripts:
2026-10-10T16:34:14.1348452Z npm warn install-scripts   better-sqlite3@11.10.0 (install: node-gyp rebuild)
2026-10-10T16:34:14.1349247Z npm warn install-scripts   esbuild@0.27.7 (postinstall: node install.js)
2026-10-10T16:34:14.1350038Z npm warn install-scripts   esbuild@0.25.12 (postinstall: node install.js)
2026-10-10T16:34:14.1350824Z npm warn install-scripts   esbuild@0.25.12 (postinstall: node install.js)
2026-10-10T16:34:14.1351358Z npm warn install-scripts
2026-10-10T16:34:14.1352152Z npm warn install-scripts Run `npm install-scripts ls` to review, or `npm install-scripts approve <pkg>` to allow.
2026-10-10T16:34:14.4299260Z 
2026-10-10T16:34:14.4299905Z > basedagents@0.10.1-dryrun.38068178940.1 prepublishOnly
2026-10-10T16:34:14.4300248Z > npm run build
2026-10-10T16:34:14.4300361Z 
2026-10-10T16:34:14.6506064Z 
2026-10-10T16:34:14.6506754Z > basedagents@0.10.1-dryrun.38068178940.1 build
2026-10-10T16:34:14.6507121Z > tsc
2026-10-10T16:34:14.6507250Z 
2026-10-10T16:34:16.9889083Z npm warn publish npm auto-corrected some errors in your package.json when publishing.  Please run "npm pkg fix" to address these errors.
2026-10-10T16:34:16.9890093Z npm warn publish errors corrected:
2026-10-10T16:34:16.9890764Z npm warn publish "bin[basedagents]" script name bin/basedagents.mjs was invalid and removed
2026-10-10T16:34:16.9891732Z npm warn publish "repository.url" was normalized to "git+https://github.com/maxfain/basedagents.git"
2026-10-10T16:34:16.9919188Z npm notice
2026-10-10T16:34:16.9921698Z npm notice 📦  basedagents@0.10.1-dryrun.38068178940.1
2026-10-10T16:34:16.9922332Z npm notice Tarball Contents
2026-10-10T16:34:16.9936603Z npm notice 10.1kB LICENSE
2026-10-10T16:34:16.9937031Z npm notice 40.5kB README.md
2026-10-10T16:34:16.9937438Z npm notice 128B bin/basedagents.mjs
2026-10-10T16:34:16.9937915Z npm notice 126B dist/attribution.test.d.ts.map
2026-10-10T16:34:16.9938422Z npm notice 3.7kB dist/attribution.test.js.map
2026-10-10T16:34:16.9938916Z npm notice 298B dist/cli/check.d.ts
2026-10-10T16:34:16.9939461Z npm notice 199B dist/cli/check.d.ts.map
2026-10-10T16:34:16.9939897Z npm notice 6.8kB dist/cli/check.js
2026-10-10T16:34:16.9940330Z npm notice 7.5kB dist/cli/check.js.map
2026-10-10T16:34:16.9940767Z npm notice 763B dist/cli/commands.d.ts
2026-10-10T16:34:16.9941206Z npm notice 397B dist/cli/commands.d.ts.map
2026-10-10T16:34:16.9941666Z npm notice 2.9kB dist/cli/commands.js
2026-10-10T16:34:16.9942447Z npm notice 3.3kB dist/cli/commands.js.map
2026-10-10T16:34:16.9942891Z npm notice 103B dist/cli/feedback.d.ts
2026-10-10T16:34:16.9943504Z npm notice 191B dist/cli/feedback.d.ts.map
2026-10-10T16:34:16.9943964Z npm notice 5.8kB dist/cli/feedback.js
2026-10-10T16:34:16.9944405Z npm notice 4.8kB dist/cli/feedback.js.map
2026-10-10T16:34:16.9944871Z npm notice 127B dist/cli/feedback.test.d.ts.map
2026-10-10T16:34:16.9945466Z npm notice 7.0kB dist/cli/feedback.test.js.map
2026-10-10T16:34:16.9946327Z npm notice 131B dist/cli/front-door.test.d.ts.map
2026-10-10T16:34:16.9946969Z npm notice 19.2kB dist/cli/front-door.test.js.map
2026-10-10T16:34:16.9947410Z npm notice 91B dist/cli/id.d.ts
2026-10-10T16:34:16.9947791Z npm notice 179B dist/cli/id.d.ts.map
2026-10-10T16:34:16.9948167Z npm notice 5.3kB dist/cli/id.js
2026-10-10T16:34:16.9948565Z npm notice 4.5kB dist/cli/id.js.map
2026-10-10T16:34:16.9948980Z npm notice 3.6kB dist/cli/index.d.ts
2026-10-10T16:34:16.9949406Z npm notice 209B dist/cli/index.d.ts.map
2026-10-10T16:34:16.9949840Z npm notice 6.4kB dist/cli/index.js
2026-10-10T16:34:16.9950260Z npm notice 3.3kB dist/cli/index.js.map
2026-10-10T16:34:16.9950649Z npm notice 269B dist/cli/init.d.ts
2026-10-10T16:34:16.9951052Z npm notice 197B dist/cli/init.d.ts.map
2026-10-10T16:34:16.9951463Z npm notice 9.2kB dist/cli/init.js
2026-10-10T16:34:16.9951865Z npm notice 9.6kB dist/cli/init.js.map
2026-10-10T16:34:16.9952323Z npm notice 125B dist/cli/keypair.test.d.ts.map
2026-10-10T16:34:16.9952811Z npm notice 12.8kB dist/cli/keypair.test.js.map
2026-10-10T16:34:16.9953423Z npm notice 466B dist/cli/keyring.d.ts
2026-10-10T16:34:16.9953859Z npm notice 203B dist/cli/keyring.d.ts.map
2026-10-10T16:34:16.9954287Z npm notice 1.0kB dist/cli/keyring.js
2026-10-10T16:34:16.9954752Z npm notice 601B dist/cli/keyring.js.map
2026-10-10T16:34:16.9955228Z npm notice 271B dist/cli/register.d.ts
2026-10-10T16:34:16.9955664Z npm notice 205B dist/cli/register.d.ts.map
2026-10-10T16:34:16.9956089Z npm notice 20.7kB dist/cli/register.js
2026-10-10T16:34:16.9956528Z npm notice 21.4kB dist/cli/register.js.map
2026-10-10T16:34:16.9956951Z npm notice 249B dist/cli/scan.d.ts
2026-10-10T16:34:16.9957365Z npm notice 197B dist/cli/scan.d.ts.map
2026-10-10T16:34:16.9957774Z npm notice 8.4kB dist/cli/scan.js
2026-10-10T16:34:16.9958161Z npm notice 9.5kB dist/cli/scan.js.map
2026-10-10T16:34:16.9958583Z npm notice 250B dist/cli/task.d.ts
2026-10-10T16:34:16.9959001Z npm notice 195B dist/cli/task.d.ts.map
2026-10-10T16:34:16.9959399Z npm notice 7.2kB dist/cli/task.js
2026-10-10T16:34:16.9959801Z npm notice 8.9kB dist/cli/task.js.map
2026-10-10T16:34:16.9960217Z npm notice 5.1kB dist/cli/tasks.d.ts
2026-10-10T16:34:16.9960618Z npm notice 2.3kB dist/cli/tasks.d.ts.map
2026-10-10T16:34:16.9961032Z npm notice 48.6kB dist/cli/tasks.js
2026-10-10T16:34:16.9961474Z npm notice 43.3kB dist/cli/tasks.js.map
2026-10-10T16:34:16.9961939Z npm notice 121B dist/cli/tasks.test.d.ts.map
2026-10-10T16:34:16.9962410Z npm notice 30.6kB dist/cli/tasks.test.js.map
2026-10-10T16:34:16.9962881Z npm notice 395B dist/cli/validate.d.ts
2026-10-10T16:34:16.9963517Z npm notice 288B dist/cli/validate.d.ts.map
2026-10-10T16:34:16.9964027Z npm notice 13.7kB dist/cli/validate.js
2026-10-10T16:34:16.9964443Z npm notice 13.3kB dist/cli/validate.js.map
2026-10-10T16:34:16.9964869Z npm notice 4.7kB dist/cli/wallet.d.ts
2026-10-10T16:34:16.9965293Z npm notice 1.3kB dist/cli/wallet.d.ts.map
2026-10-10T16:34:16.9965713Z npm notice 22.7kB dist/cli/wallet.js
2026-10-10T16:34:16.9966120Z npm notice 16.9kB dist/cli/wallet.js.map
2026-10-10T16:34:16.9966592Z npm notice 123B dist/cli/wallet.test.d.ts.map
2026-10-10T16:34:16.9967080Z npm notice 12.4kB dist/cli/wallet.test.js.map
2026-10-10T16:34:16.9967508Z npm notice 210B dist/cli/whois.d.ts
2026-10-10T16:34:16.9967922Z npm notice 198B dist/cli/whois.d.ts.map
2026-10-10T16:34:16.9968349Z npm notice 9.0kB dist/cli/whois.js
2026-10-10T16:34:16.9968752Z npm notice 11.0kB dist/cli/whois.js.map
2026-10-10T16:34:16.9969409Z npm notice 116B dist/client.test.d.ts.map
2026-10-10T16:34:16.9969856Z npm notice 42.8kB dist/client.test.js.map
2026-10-10T16:34:16.9970408Z npm notice 116B dist/crypto.test.d.ts.map
2026-10-10T16:34:16.9970842Z npm notice 12.5kB dist/crypto.test.js.map
2026-10-10T16:34:16.9971241Z npm notice 45.3kB dist/index.d.ts
2026-10-10T16:34:16.9971633Z npm notice 24.3kB dist/index.d.ts.map
2026-10-10T16:34:16.9972023Z npm notice 45.7kB dist/index.js
2026-10-10T16:34:16.9972402Z npm notice 31.2kB dist/index.js.map
2026-10-10T16:34:16.9972811Z npm notice 397B dist/redact.d.ts
2026-10-10T16:34:16.9973729Z npm notice 280B dist/redact.d.ts.map
2026-10-10T16:34:16.9974173Z npm notice 2.4kB dist/redact.js
2026-10-10T16:34:16.9974568Z npm notice 1.5kB dist/redact.js.map
2026-10-10T16:34:16.9974997Z npm notice 1.1kB dist/scanner/index.d.ts
2026-10-10T16:34:16.9975469Z npm notice 1.1kB dist/scanner/index.d.ts.map
2026-10-10T16:34:16.9975925Z npm notice 20.1kB dist/scanner/index.js
2026-10-10T16:34:16.9976358Z npm notice 15.0kB dist/scanner/index.js.map
2026-10-10T16:34:16.9976799Z npm notice 75B dist/version.d.ts
2026-10-10T16:34:16.9977201Z npm notice 142B dist/version.d.ts.map
2026-10-10T16:34:16.9977604Z npm notice 689B dist/version.js
2026-10-10T16:34:16.9977989Z npm notice 268B dist/version.js.map
2026-10-10T16:34:16.9978409Z npm notice 1.5kB dist/wallet-bind.d.ts
2026-10-10T16:34:16.9978839Z npm notice 772B dist/wallet-bind.d.ts.map
2026-10-10T16:34:16.9979274Z npm notice 3.9kB dist/wallet-bind.js
2026-10-10T16:34:16.9979683Z npm notice 3.7kB dist/wallet-bind.js.map
2026-10-10T16:34:16.9980167Z npm notice 126B dist/wallet-bind.test.d.ts.map
2026-10-10T16:34:16.9980654Z npm notice 1.9kB dist/wallet-bind.test.js.map
2026-10-10T16:34:16.9981064Z npm notice 1.6kB package.json
2026-10-10T16:34:16.9981434Z npm notice Tarball Details
2026-10-10T16:34:16.9981772Z npm notice name: basedagents
2026-10-10T16:34:16.9982202Z npm notice version: 0.10.1-dryrun.38068178940.1
2026-10-10T16:34:16.9982798Z npm notice filename: basedagents-0.10.1-dryrun.38068178940.1.tgz
2026-10-10T16:34:16.9983499Z npm notice package size: 158.6 kB
2026-10-10T16:34:16.9983904Z npm notice unpacked size: 744.4 kB
2026-10-10T16:34:16.9984413Z npm notice shasum: 84fe9f57b10ab360be3e640e828df55c6db5e22b
2026-10-10T16:34:16.9985033Z npm notice integrity: sha512-rd142ZdaXycao[...]neMLoheaAGEKg==
2026-10-10T16:34:16.9985508Z npm notice total files: 98
2026-10-10T16:34:16.9985812Z npm notice
2026-10-10T16:34:16.9986501Z npm warn publish This command requires you to be logged in to https://registry.npmjs.org/ (dry-run)
2026-10-10T16:34:17.1212435Z npm notice Publishing to https://registry.npmjs.org/ with tag dryrun and public access (dry-run)
2026-10-10T16:34:17.1213498Z + basedagents@0.10.1-dryrun.38068178940.1
2026-10-10T16:34:17.1556854Z Post job cleanup.
2026-10-10T16:34:17.2571792Z (node:2286) [DEP0040] DeprecationWarning: The `punycode` module is deprecated. Please use a userland alternative instead.
2026-10-10T16:34:17.2572453Z (Use `node --trace-deprecation ...` to show where the warning was created)
2026-10-10T16:34:17.2574838Z Cache hit occurred on the primary key node-cache-Linux-x64-npm-f0dfbeccf4cf03614a1c70e0a334c7d6dee17688428dbfb743ab1fccbde237df, not saving cache.
2026-10-10T16:34:17.3462375Z Post job cleanup.
2026-10-10T16:34:17.4182061Z [command]/usr/bin/git version
2026-10-10T16:34:17.4217729Z git version 2.55.0
2026-10-10T16:34:17.4252648Z Temporarily overriding HOME='/home/runner/work/_temp/68c612b8-45da-472b-9c40-873a8e54c53e' before making global git config changes
2026-10-10T16:34:17.4254130Z Adding repository directory to the temporary git global config as a safe directory
2026-10-10T16:34:17.4257691Z [command]/usr/bin/git config --global --add safe.directory /home/runner/work/basedagents/basedagents
2026-10-10T16:34:17.4292142Z [command]/usr/bin/git config --local --name-only --get-regexp core\.sshCommand
2026-10-10T16:34:17.4322462Z [command]/usr/bin/git submodule foreach --recursive sh -c "git config --local --name-only --get-regexp 'core\.sshCommand' && git config --local --unset-all 'core.sshCommand' || :"
2026-10-10T16:34:17.4555015Z [command]/usr/bin/git config --local --name-only --get-regexp http\.https\:\/\/github\.com\/\.extraheader
2026-10-10T16:34:17.5256870Z http.https://github.com/.extraheader
2026-10-10T16:34:17.5267632Z [command]/usr/bin/git config --local --unset-all http.https://github.com/.extraheader
2026-10-10T16:34:17.5305501Z [command]/usr/bin/git submodule foreach --recursive sh -c "git config --local --name-only --get-regexp 'http\.https\:\/\/github\.com\/\.extraheader' && git config --local --unset-all 'http.https://github.com/.extraheader' || :"
2026-10-10T16:34:17.5508952Z [command]/usr/bin/git config --local --name-only --get-regexp ^includeIf\.gitdir:
2026-10-10T16:34:17.5540791Z [command]/usr/bin/git submodule foreach --recursive git config --local --show-origin --name-only --get-regexp remote.origin.url
2026-10-10T16:34:17.5870099Z Cleaning up orphan processes
2026-10-10T16:34:17.6148200Z ##[warning]Node.js 20 is deprecated. The following actions target Node.js 20 but are being forced to run on Node.js 24: actions/checkout@11d5960a326750d5838078e36cf38b85af677262, actions/setup-node@49933ea5288caeca8642d1e84afbd3f7d6820020. For more information see: https://github.blog/changelog/2025-09-19-deprecation-of-node-20-on-github-actions-runners/
