2026-10-10T16:39:52.5909904Z Current runner version: '2.337.0'
2026-10-10T16:39:52.5948875Z ##[group]Runner Image Provisioner
2026-10-10T16:39:52.5950427Z Hosted Compute Agent
2026-10-10T16:39:52.5951653Z Version: 20261002.596
2026-10-10T16:39:52.5952864Z Commit: c3d12f3313a95f25162a1503be624f3b0617f8c0
2026-10-10T16:39:52.5954129Z Build Date: 2026-10-02T22:28:27Z
2026-10-10T16:39:52.5955221Z Worker ID: {ffa76430-79be-4156-b942-f3663cd4bfda}
2026-10-10T16:39:52.5956516Z Region: eastus
2026-10-10T16:39:52.5957460Z Cloud: Azure
2026-10-10T16:39:52.5958402Z ##[endgroup]
2026-10-10T16:39:52.5961726Z ##[group]Operating System
2026-10-10T16:39:52.5962912Z Ubuntu
2026-10-10T16:39:52.5963851Z 24.04.5
2026-10-10T16:39:52.5964790Z LTS
2026-10-10T16:39:52.5965773Z ##[endgroup]
2026-10-10T16:39:52.5966690Z ##[group]Runner Image
2026-10-10T16:39:52.5967878Z Image: ubuntu-24.04
2026-10-10T16:39:52.5968861Z Version: 20261004.327.1
2026-10-10T16:39:52.5971511Z Included Software: https://github.com/actions/runner-images/blob/ubuntu24/20261004.327/images/ubuntu/Ubuntu2404-Readme.md
2026-10-10T16:39:52.5974319Z Image Release: https://github.com/actions/runner-images/releases/tag/ubuntu24%2F20261004.327
2026-10-10T16:39:52.5976066Z ##[endgroup]
2026-10-10T16:39:52.5977959Z ##[group]GITHUB_TOKEN Permissions
2026-10-10T16:39:52.5981614Z Contents: read
2026-10-10T16:39:52.5982625Z Metadata: read
2026-10-10T16:39:52.5983576Z ##[endgroup]
2026-10-10T16:39:52.5986873Z Secret source: Actions
2026-10-10T16:39:52.5988451Z Cache mode: write
2026-10-10T16:39:52.5989854Z Prepare workflow directory
2026-10-10T16:39:52.6491741Z Prepare all required actions
2026-10-10T16:39:52.6567240Z Getting action download info
2026-10-10T16:39:52.8536800Z Download action repository 'actions/checkout@11d5960a326750d5838078e36cf38b85af677262' (SHA:11d5960a326750d5838078e36cf38b85af677262)
2026-10-10T16:39:52.9437868Z Download action repository 'actions/setup-node@49933ea5288caeca8642d1e84afbd3f7d6820020' (SHA:49933ea5288caeca8642d1e84afbd3f7d6820020)
2026-10-10T16:39:53.1440020Z Complete job name: npm basedagents (sdk + cli)
2026-10-10T16:39:53.2276801Z ##[group]Run actions/checkout@11d5960a326750d5838078e36cf38b85af677262
2026-10-10T16:39:53.2278292Z with:
2026-10-10T16:39:53.2278808Z   ref: 2350a3bd34dbb240857d8b2c0e9ce7bd7abc361c
2026-10-10T16:39:53.2279437Z   repository: tshyshko/basedagents
2026-10-10T16:39:53.2283549Z   token: ***
2026-10-10T16:39:53.2283988Z   ssh-strict: true
2026-10-10T16:39:53.2284427Z   ssh-user: git
2026-10-10T16:39:53.2284868Z   persist-credentials: true
2026-10-10T16:39:53.2285359Z   clean: true
2026-10-10T16:39:53.2285801Z   sparse-checkout-cone-mode: true
2026-10-10T16:39:53.2286325Z   fetch-depth: 1
2026-10-10T16:39:53.2286749Z   fetch-tags: false
2026-10-10T16:39:53.2287185Z   show-progress: true
2026-10-10T16:39:53.2287628Z   lfs: false
2026-10-10T16:39:53.2288043Z   submodules: false
2026-10-10T16:39:53.2288501Z   set-safe-directory: true
2026-10-10T16:39:53.2289004Z   allow-unsafe-pr-checkout: false
2026-10-10T16:39:53.2290023Z ##[endgroup]
2026-10-10T16:39:53.3367551Z Syncing repository: tshyshko/basedagents
2026-10-10T16:39:53.3370362Z ##[group]Getting Git version info
2026-10-10T16:39:53.3371812Z Working directory is '/home/runner/work/basedagents/basedagents'
2026-10-10T16:39:53.3373575Z [command]/usr/bin/git version
2026-10-10T16:39:53.3432809Z git version 2.55.0
2026-10-10T16:39:53.3467880Z ##[endgroup]
2026-10-10T16:39:53.3484516Z Temporarily overriding HOME='/home/runner/work/_temp/48b60814-f732-4473-ba56-26cfa4258845' before making global git config changes
2026-10-10T16:39:53.3492794Z Adding repository directory to the temporary git global config as a safe directory
2026-10-10T16:39:53.3494567Z [command]/usr/bin/git config --global --add safe.directory /home/runner/work/basedagents/basedagents
2026-10-10T16:39:53.3542742Z Deleting the contents of '/home/runner/work/basedagents/basedagents'
2026-10-10T16:39:53.3549603Z ##[group]Initializing the repository
2026-10-10T16:39:53.3554738Z [command]/usr/bin/git init /home/runner/work/basedagents/basedagents
2026-10-10T16:39:53.3692677Z hint: Using 'master' as the name for the initial branch. This default branch name
2026-10-10T16:39:53.3694403Z hint: will change to "main" in Git 3.0. To configure the initial branch name
2026-10-10T16:39:53.3695634Z hint: to use in all of your new repositories, which will suppress this warning,
2026-10-10T16:39:53.3696605Z hint: call:
2026-10-10T16:39:53.3697043Z hint:
2026-10-10T16:39:53.3697776Z hint: 	git config --global init.defaultBranch <name>
2026-10-10T16:39:53.3698576Z hint:
2026-10-10T16:39:53.3699444Z hint: Names commonly chosen instead of 'master' are 'main', 'trunk' and
2026-10-10T16:39:53.3701331Z hint: 'development'. The just-created branch can be renamed via this command:
2026-10-10T16:39:53.3702645Z hint:
2026-10-10T16:39:53.3703430Z hint: 	git branch -m <name>
2026-10-10T16:39:53.3704254Z hint:
2026-10-10T16:39:53.3705262Z hint: Disable this message with "git config set advice.defaultBranchName false"
2026-10-10T16:39:53.3706599Z Initialized empty Git repository in /home/runner/work/basedagents/basedagents/.git/
2026-10-10T16:39:53.3709152Z [command]/usr/bin/git remote add origin https://github.com/tshyshko/basedagents
2026-10-10T16:39:53.3756018Z ##[endgroup]
2026-10-10T16:39:53.3757433Z ##[group]Disabling automatic garbage collection
2026-10-10T16:39:53.3761314Z [command]/usr/bin/git config --local gc.auto 0
2026-10-10T16:39:53.3801814Z ##[endgroup]
2026-10-10T16:39:53.3803404Z ##[group]Setting up auth
2026-10-10T16:39:53.3810236Z [command]/usr/bin/git config --local --name-only --get-regexp core\.sshCommand
2026-10-10T16:39:53.3858872Z [command]/usr/bin/git submodule foreach --recursive sh -c "git config --local --name-only --get-regexp 'core\.sshCommand' && git config --local --unset-all 'core.sshCommand' || :"
2026-10-10T16:39:53.4266029Z [command]/usr/bin/git config --local --name-only --get-regexp http\.https\:\/\/github\.com\/\.extraheader
2026-10-10T16:39:53.4316456Z [command]/usr/bin/git submodule foreach --recursive sh -c "git config --local --name-only --get-regexp 'http\.https\:\/\/github\.com\/\.extraheader' && git config --local --unset-all 'http.https://github.com/.extraheader' || :"
2026-10-10T16:39:53.4563353Z [command]/usr/bin/git config --local --name-only --get-regexp ^includeIf\.gitdir:
2026-10-10T16:39:53.4604063Z [command]/usr/bin/git submodule foreach --recursive git config --local --show-origin --name-only --get-regexp remote.origin.url
2026-10-10T16:39:53.4859291Z [command]/usr/bin/git config --local http.https://github.com/.extraheader AUTHORIZATION: basic ***
2026-10-10T16:39:53.4960990Z ##[endgroup]
2026-10-10T16:39:53.4962759Z ##[group]Fetching the repository
2026-10-10T16:39:53.4965299Z [command]/usr/bin/git -c protocol.version=2 fetch --no-tags --prune --no-recurse-submodules --depth=1 origin 2350a3bd34dbb240857d8b2c0e9ce7bd7abc361c
2026-10-10T16:39:54.0033276Z From https://github.com/tshyshko/basedagents
2026-10-10T16:39:54.0035653Z  * branch            2350a3bd34dbb240857d8b2c0e9ce7bd7abc361c -> FETCH_HEAD
2026-10-10T16:39:54.0040051Z ##[endgroup]
2026-10-10T16:39:54.0041993Z ##[group]Determining the checkout info
2026-10-10T16:39:54.0043840Z ##[endgroup]
2026-10-10T16:39:54.0050948Z [command]/usr/bin/git sparse-checkout disable
2026-10-10T16:39:54.0117807Z [command]/usr/bin/git config --local --unset-all extensions.worktreeConfig
2026-10-10T16:39:54.0153399Z ##[group]Checking out the ref
2026-10-10T16:39:54.0158807Z [command]/usr/bin/git checkout --progress --force 2350a3bd34dbb240857d8b2c0e9ce7bd7abc361c
2026-10-10T16:39:54.0933942Z Note: switching to '2350a3bd34dbb240857d8b2c0e9ce7bd7abc361c'.
2026-10-10T16:39:54.0934688Z 
2026-10-10T16:39:54.0935023Z You are in 'detached HEAD' state. You can look around, make experimental
2026-10-10T16:39:54.0935729Z changes and commit them, and you can discard any commits you make in this
2026-10-10T16:39:54.0936415Z state without impacting any branches by switching back to a branch.
2026-10-10T16:39:54.0936785Z 
2026-10-10T16:39:54.0937057Z If you want to create a new branch to retain commits you create, you may
2026-10-10T16:39:54.0938064Z do so (now or later) by using -c with the switch command. Example:
2026-10-10T16:39:54.0938425Z 
2026-10-10T16:39:54.0938589Z   git switch -c <new-branch-name>
2026-10-10T16:39:54.0938913Z 
2026-10-10T16:39:54.0939199Z Or undo this operation with:
2026-10-10T16:39:54.0939513Z 
2026-10-10T16:39:54.0939717Z   git switch -
2026-10-10T16:39:54.0939972Z 
2026-10-10T16:39:54.0940339Z Turn off this advice by setting config variable advice.detachedHead to false
2026-10-10T16:39:54.0941083Z 
2026-10-10T16:39:54.0941794Z HEAD is now at 2350a3b ci(publish): dry-run a unique prerelease so npm 11.21.0's dry-run doesn't fail on already-published versions
2026-10-10T16:39:54.0948677Z ##[endgroup]
2026-10-10T16:39:54.0997589Z [command]/usr/bin/git log -1 --format=%H
2026-10-10T16:39:54.1028475Z 2350a3bd34dbb240857d8b2c0e9ce7bd7abc361c
2026-10-10T16:39:54.1326849Z ##[group]Run actions/setup-node@49933ea5288caeca8642d1e84afbd3f7d6820020
2026-10-10T16:39:54.1327496Z with:
2026-10-10T16:39:54.1327884Z   node-version: 22
2026-10-10T16:39:54.1328243Z   cache: npm
2026-10-10T16:39:54.1328615Z   always-auth: false
2026-10-10T16:39:54.1328998Z   check-latest: false
2026-10-10T16:39:54.1332166Z   token: ***
2026-10-10T16:39:54.1332549Z ##[endgroup]
2026-10-10T16:39:54.2917307Z Found in cache @ /opt/hostedtoolcache/node/22.23.3/x64
2026-10-10T16:39:54.2922198Z (node:2367) [DEP0040] DeprecationWarning: The `punycode` module is deprecated. Please use a userland alternative instead.
2026-10-10T16:39:54.2923960Z (Use `node --trace-deprecation ...` to show where the warning was created)
2026-10-10T16:39:54.2926310Z ##[group]Environment details
2026-10-10T16:39:54.6921249Z node: v22.23.3
2026-10-10T16:39:54.6921805Z npm: 10.9.9
2026-10-10T16:39:54.6922158Z yarn: 1.22.22
2026-10-10T16:39:54.6923189Z ##[endgroup]
2026-10-10T16:39:54.6944301Z [command]/opt/hostedtoolcache/node/22.23.3/x64/bin/npm config get cache
2026-10-10T16:39:54.8093676Z /home/runner/.npm
2026-10-10T16:39:54.8851509Z Cache hit for: node-cache-Linux-x64-npm-f0dfbeccf4cf03614a1c70e0a334c7d6dee17688428dbfb743ab1fccbde237df
2026-10-10T16:39:54.8959142Z (node:2367) [DEP0169] DeprecationWarning: `url.parse()` behavior is not standardized and prone to errors that have security implications. Use the WHATWG URL API instead. CVEs are not issued for `url.parse()` vulnerabilities.
2026-10-10T16:39:55.2782629Z Received 44414368 of 44414368 (100.0%), 124.9 MBs/sec
2026-10-10T16:39:55.2784848Z Cache Size: ~42 MB (44414368 B)
2026-10-10T16:39:55.2815312Z [command]/usr/bin/tar -xf /home/runner/work/_temp/17442ff5-a6fd-427a-8fde-00e6fd434471/cache.tzst -P -C /home/runner/work/basedagents/basedagents --use-compress-program unzstd
2026-10-10T16:39:55.4427752Z Cache restored successfully
2026-10-10T16:39:55.4451104Z Cache restored from key: node-cache-Linux-x64-npm-f0dfbeccf4cf03614a1c70e0a334c7d6dee17688428dbfb743ab1fccbde237df
2026-10-10T16:39:55.4641225Z ##[group]Run npm install -g npm@11.21.0 && npm --version
2026-10-10T16:39:55.4641818Z [36;1mnpm install -g npm@11.21.0 && npm --version[0m
2026-10-10T16:39:55.4940875Z shell: /usr/bin/bash -e {0}
2026-10-10T16:39:55.4941303Z ##[endgroup]
2026-10-10T16:40:00.4144813Z 
2026-10-10T16:40:00.4153135Z removed 57 packages, and changed 94 packages in 5s
2026-10-10T16:40:00.4153727Z 
2026-10-10T16:40:00.4154190Z 15 packages are looking for funding
2026-10-10T16:40:00.4154775Z   run `npm fund` for details
2026-10-10T16:40:00.5608356Z 11.21.0
2026-10-10T16:40:00.5726488Z ##[group]Run npm ci
2026-10-10T16:40:00.5726791Z [36;1mnpm ci[0m
2026-10-10T16:40:00.5795595Z shell: /usr/bin/bash -e {0}
2026-10-10T16:40:00.5795939Z ##[endgroup]
2026-10-10T16:40:03.1410638Z npm warn deprecated prebuild-install@7.1.3: No longer maintained. Please contact the author of the relevant native addon; alternatives are available.
2026-10-10T16:40:06.5404526Z 
2026-10-10T16:40:06.5405611Z added 488 packages, and audited 495 packages in 6s
2026-10-10T16:40:06.5411453Z 
2026-10-10T16:40:06.5412008Z 186 packages are looking for funding
2026-10-10T16:40:06.5413260Z   run `npm fund` for details
2026-10-10T16:40:06.5449545Z 
2026-10-10T16:40:06.5450113Z 4 vulnerabilities (1 low, 2 high, 1 critical)
2026-10-10T16:40:06.5450975Z 
2026-10-10T16:40:06.5451478Z To address issues that do not require attention, run:
2026-10-10T16:40:06.5452011Z   npm audit fix
2026-10-10T16:40:06.5452209Z 
2026-10-10T16:40:06.5452570Z To address all issues (including breaking changes), run:
2026-10-10T16:40:06.5453115Z   npm audit fix --force
2026-10-10T16:40:06.5453318Z 
2026-10-10T16:40:06.5453523Z Run `npm audit` for details.
2026-10-10T16:40:06.5464679Z npm warn install-scripts 4 packages have install scripts not yet covered by allowScripts:
2026-10-10T16:40:06.5465954Z npm warn install-scripts   better-sqlite3@11.10.0 (install: prebuild-install || node-gyp rebuild --release)
2026-10-10T16:40:06.5466709Z npm warn install-scripts   esbuild@0.27.7 (postinstall: node install.js)
2026-10-10T16:40:06.5467360Z npm warn install-scripts   esbuild@0.25.12 (postinstall: node install.js)
2026-10-10T16:40:06.5467982Z npm warn install-scripts   esbuild@0.25.12 (postinstall: node install.js)
2026-10-10T16:40:06.5468415Z npm warn install-scripts
2026-10-10T16:40:06.5469055Z npm warn install-scripts Run `npm install-scripts ls` to review, or `npm install-scripts approve <pkg>` to allow.
2026-10-10T16:40:06.6112934Z ##[group]Run v=$(jq -r .version packages/sdk/package.json)-dryrun.${GITHUB_RUN_ID}.${GITHUB_RUN_ATTEMPT}
2026-10-10T16:40:06.6113759Z [36;1mv=$(jq -r .version packages/sdk/package.json)-dryrun.${GITHUB_RUN_ID}.${GITHUB_RUN_ATTEMPT}[0m
2026-10-10T16:40:06.6114366Z [36;1mnpm version --no-git-tag-version --workspace=packages/sdk "$v"[0m
2026-10-10T16:40:06.6114863Z [36;1mnpm publish --dry-run --tag dryrun --workspace=packages/sdk[0m
2026-10-10T16:40:06.6181412Z shell: /usr/bin/bash -e {0}
2026-10-10T16:40:06.6181759Z ##[endgroup]
2026-10-10T16:40:06.9158463Z basedagents
2026-10-10T16:40:06.9186356Z v0.10.1-dryrun.38068558364.1
2026-10-10T16:40:07.4850678Z 
2026-10-10T16:40:07.4851706Z up to date in 802ms
2026-10-10T16:40:07.4852118Z 
2026-10-10T16:40:07.4852541Z 186 packages are looking for funding
2026-10-10T16:40:07.4853992Z   run `npm fund` for details
2026-10-10T16:40:07.4871302Z npm warn install-scripts 4 packages have install scripts not yet covered by allowScripts:
2026-10-10T16:40:07.4872245Z npm warn install-scripts   better-sqlite3@11.10.0 (install: node-gyp rebuild)
2026-10-10T16:40:07.4872933Z npm warn install-scripts   esbuild@0.27.7 (postinstall: node install.js)
2026-10-10T16:40:07.4873593Z npm warn install-scripts   esbuild@0.25.12 (postinstall: node install.js)
2026-10-10T16:40:07.4874243Z npm warn install-scripts   esbuild@0.25.12 (postinstall: node install.js)
2026-10-10T16:40:07.4874700Z npm warn install-scripts
2026-10-10T16:40:07.4875366Z npm warn install-scripts Run `npm install-scripts ls` to review, or `npm install-scripts approve <pkg>` to allow.
2026-10-10T16:40:07.7947068Z 
2026-10-10T16:40:07.7948524Z > basedagents@0.10.1-dryrun.38068558364.1 prepublishOnly
2026-10-10T16:40:07.7949192Z > npm run build
2026-10-10T16:40:07.7949399Z 
2026-10-10T16:40:07.9334960Z 
2026-10-10T16:40:07.9335809Z > basedagents@0.10.1-dryrun.38068558364.1 build
2026-10-10T16:40:07.9336414Z > tsc
2026-10-10T16:40:07.9336575Z 
2026-10-10T16:40:11.1768331Z npm warn publish npm auto-corrected some errors in your package.json when publishing.  Please run "npm pkg fix" to address these errors.
2026-10-10T16:40:11.1771796Z npm warn publish errors corrected:
2026-10-10T16:40:11.1772467Z npm warn publish "bin[basedagents]" script name bin/basedagents.mjs was invalid and removed
2026-10-10T16:40:11.1773364Z npm warn publish "repository.url" was normalized to "git+https://github.com/maxfain/basedagents.git"
2026-10-10T16:40:11.1808517Z npm notice
2026-10-10T16:40:11.1812088Z npm notice 📦  basedagents@0.10.1-dryrun.38068558364.1
2026-10-10T16:40:11.1812756Z npm notice Tarball Contents
2026-10-10T16:40:11.1831516Z npm notice 10.1kB LICENSE
2026-10-10T16:40:11.1832556Z npm notice 40.5kB README.md
2026-10-10T16:40:11.1833855Z npm notice 128B bin/basedagents.mjs
2026-10-10T16:40:11.1834839Z npm notice 126B dist/attribution.test.d.ts.map
2026-10-10T16:40:11.1835591Z npm notice 3.7kB dist/attribution.test.js.map
2026-10-10T16:40:11.1836270Z npm notice 298B dist/cli/check.d.ts
2026-10-10T16:40:11.1836935Z npm notice 199B dist/cli/check.d.ts.map
2026-10-10T16:40:11.1837562Z npm notice 6.8kB dist/cli/check.js
2026-10-10T16:40:11.1838184Z npm notice 7.5kB dist/cli/check.js.map
2026-10-10T16:40:11.1838816Z npm notice 763B dist/cli/commands.d.ts
2026-10-10T16:40:11.1839478Z npm notice 397B dist/cli/commands.d.ts.map
2026-10-10T16:40:11.1840154Z npm notice 2.9kB dist/cli/commands.js
2026-10-10T16:40:11.1841080Z npm notice 3.3kB dist/cli/commands.js.map
2026-10-10T16:40:11.1841716Z npm notice 103B dist/cli/feedback.d.ts
2026-10-10T16:40:11.1842366Z npm notice 191B dist/cli/feedback.d.ts.map
2026-10-10T16:40:11.1842999Z npm notice 5.8kB dist/cli/feedback.js
2026-10-10T16:40:11.1843627Z npm notice 4.8kB dist/cli/feedback.js.map
2026-10-10T16:40:11.1844328Z npm notice 127B dist/cli/feedback.test.d.ts.map
2026-10-10T16:40:11.1845108Z npm notice 7.0kB dist/cli/feedback.test.js.map
2026-10-10T16:40:11.1845835Z npm notice 131B dist/cli/front-door.test.d.ts.map
2026-10-10T16:40:11.1847038Z npm notice 19.2kB dist/cli/front-door.test.js.map
2026-10-10T16:40:11.1847735Z npm notice 91B dist/cli/id.d.ts
2026-10-10T16:40:11.1848307Z npm notice 179B dist/cli/id.d.ts.map
2026-10-10T16:40:11.1848871Z npm notice 5.3kB dist/cli/id.js
2026-10-10T16:40:11.1849446Z npm notice 4.5kB dist/cli/id.js.map
2026-10-10T16:40:11.1850019Z npm notice 3.6kB dist/cli/index.d.ts
2026-10-10T16:40:11.1850954Z npm notice 209B dist/cli/index.d.ts.map
2026-10-10T16:40:11.1851577Z npm notice 6.4kB dist/cli/index.js
2026-10-10T16:40:11.1852173Z npm notice 3.3kB dist/cli/index.js.map
2026-10-10T16:40:11.1852786Z npm notice 269B dist/cli/init.d.ts
2026-10-10T16:40:11.1853392Z npm notice 197B dist/cli/init.d.ts.map
2026-10-10T16:40:11.1854025Z npm notice 9.2kB dist/cli/init.js
2026-10-10T16:40:11.1854670Z npm notice 9.6kB dist/cli/init.js.map
2026-10-10T16:40:11.1855282Z npm notice 125B dist/cli/keypair.test.d.ts.map
2026-10-10T16:40:11.1856097Z npm notice 12.8kB dist/cli/keypair.test.js.map
2026-10-10T16:40:11.1856797Z npm notice 466B dist/cli/keyring.d.ts
2026-10-10T16:40:11.1857480Z npm notice 203B dist/cli/keyring.d.ts.map
2026-10-10T16:40:11.1858204Z npm notice 1.0kB dist/cli/keyring.js
2026-10-10T16:40:11.1858802Z npm notice 601B dist/cli/keyring.js.map
2026-10-10T16:40:11.1859474Z npm notice 271B dist/cli/register.d.ts
2026-10-10T16:40:11.1860118Z npm notice 205B dist/cli/register.d.ts.map
2026-10-10T16:40:11.1861106Z npm notice 20.7kB dist/cli/register.js
2026-10-10T16:40:11.1861756Z npm notice 21.4kB dist/cli/register.js.map
2026-10-10T16:40:11.1862388Z npm notice 249B dist/cli/scan.d.ts
2026-10-10T16:40:11.1862982Z npm notice 197B dist/cli/scan.d.ts.map
2026-10-10T16:40:11.1863567Z npm notice 8.4kB dist/cli/scan.js
2026-10-10T16:40:11.1864156Z npm notice 9.5kB dist/cli/scan.js.map
2026-10-10T16:40:11.1864763Z npm notice 250B dist/cli/task.d.ts
2026-10-10T16:40:11.1865325Z npm notice 195B dist/cli/task.d.ts.map
2026-10-10T16:40:11.1865917Z npm notice 7.2kB dist/cli/task.js
2026-10-10T16:40:11.1866523Z npm notice 8.9kB dist/cli/task.js.map
2026-10-10T16:40:11.1867139Z npm notice 5.1kB dist/cli/tasks.d.ts
2026-10-10T16:40:11.1867772Z npm notice 2.3kB dist/cli/tasks.d.ts.map
2026-10-10T16:40:11.1868442Z npm notice 48.6kB dist/cli/tasks.js
2026-10-10T16:40:11.1869046Z npm notice 43.3kB dist/cli/tasks.js.map
2026-10-10T16:40:11.1869703Z npm notice 121B dist/cli/tasks.test.d.ts.map
2026-10-10T16:40:11.1870394Z npm notice 30.6kB dist/cli/tasks.test.js.map
2026-10-10T16:40:11.1871323Z npm notice 395B dist/cli/validate.d.ts
2026-10-10T16:40:11.1871998Z npm notice 288B dist/cli/validate.d.ts.map
2026-10-10T16:40:11.1872754Z npm notice 13.7kB dist/cli/validate.js
2026-10-10T16:40:11.1873424Z npm notice 13.3kB dist/cli/validate.js.map
2026-10-10T16:40:11.1874066Z npm notice 4.7kB dist/cli/wallet.d.ts
2026-10-10T16:40:11.1875097Z npm notice 1.3kB dist/cli/wallet.d.ts.map
2026-10-10T16:40:11.1875689Z npm notice 22.7kB dist/cli/wallet.js
2026-10-10T16:40:11.1876283Z npm notice 16.9kB dist/cli/wallet.js.map
2026-10-10T16:40:11.1876982Z npm notice 123B dist/cli/wallet.test.d.ts.map
2026-10-10T16:40:11.1877790Z npm notice 12.4kB dist/cli/wallet.test.js.map
2026-10-10T16:40:11.1878455Z npm notice 210B dist/cli/whois.d.ts
2026-10-10T16:40:11.1879058Z npm notice 198B dist/cli/whois.d.ts.map
2026-10-10T16:40:11.1879667Z npm notice 9.0kB dist/cli/whois.js
2026-10-10T16:40:11.1880261Z npm notice 11.0kB dist/cli/whois.js.map
2026-10-10T16:40:11.1881167Z npm notice 116B dist/client.test.d.ts.map
2026-10-10T16:40:11.1881832Z npm notice 42.8kB dist/client.test.js.map
2026-10-10T16:40:11.1882495Z npm notice 116B dist/crypto.test.d.ts.map
2026-10-10T16:40:11.1883147Z npm notice 12.5kB dist/crypto.test.js.map
2026-10-10T16:40:11.1883770Z npm notice 45.3kB dist/index.d.ts
2026-10-10T16:40:11.1884400Z npm notice 24.3kB dist/index.d.ts.map
2026-10-10T16:40:11.1885000Z npm notice 45.7kB dist/index.js
2026-10-10T16:40:11.1885572Z npm notice 31.2kB dist/index.js.map
2026-10-10T16:40:11.1886169Z npm notice 397B dist/redact.d.ts
2026-10-10T16:40:11.1886758Z npm notice 280B dist/redact.d.ts.map
2026-10-10T16:40:11.1887629Z npm notice 2.4kB dist/redact.js
2026-10-10T16:40:11.1888274Z npm notice 1.5kB dist/redact.js.map
2026-10-10T16:40:11.1888920Z npm notice 1.1kB dist/scanner/index.d.ts
2026-10-10T16:40:11.1889610Z npm notice 1.1kB dist/scanner/index.d.ts.map
2026-10-10T16:40:11.1890312Z npm notice 20.1kB dist/scanner/index.js
2026-10-10T16:40:11.1891323Z npm notice 15.0kB dist/scanner/index.js.map
2026-10-10T16:40:11.1891940Z npm notice 75B dist/version.d.ts
2026-10-10T16:40:11.1892544Z npm notice 142B dist/version.d.ts.map
2026-10-10T16:40:11.1893130Z npm notice 689B dist/version.js
2026-10-10T16:40:11.1893720Z npm notice 268B dist/version.js.map
2026-10-10T16:40:11.1894334Z npm notice 1.5kB dist/wallet-bind.d.ts
2026-10-10T16:40:11.1895005Z npm notice 772B dist/wallet-bind.d.ts.map
2026-10-10T16:40:11.1895636Z npm notice 3.9kB dist/wallet-bind.js
2026-10-10T16:40:11.1896262Z npm notice 3.7kB dist/wallet-bind.js.map
2026-10-10T16:40:11.1896963Z npm notice 126B dist/wallet-bind.test.d.ts.map
2026-10-10T16:40:11.1897707Z npm notice 1.9kB dist/wallet-bind.test.js.map
2026-10-10T16:40:11.1898304Z npm notice 1.6kB package.json
2026-10-10T16:40:11.1898829Z npm notice Tarball Details
2026-10-10T16:40:11.1899319Z npm notice name: basedagents
2026-10-10T16:40:11.1899945Z npm notice version: 0.10.1-dryrun.38068558364.1
2026-10-10T16:40:11.1901100Z npm notice filename: basedagents-0.10.1-dryrun.38068558364.1.tgz
2026-10-10T16:40:11.1901943Z npm notice package size: 158.6 kB
2026-10-10T16:40:11.1902549Z npm notice unpacked size: 744.4 kB
2026-10-10T16:40:11.1903334Z npm notice shasum: 7d0b8a61e4dac94fcfa0e0ca62885245679a100a
2026-10-10T16:40:11.1904297Z npm notice integrity: sha512-Qm3Q+sbxy1ssZ[...]XBMuA67r+Uoqg==
2026-10-10T16:40:11.1905003Z npm notice total files: 98
2026-10-10T16:40:11.1905428Z npm notice
2026-10-10T16:40:11.7526696Z npm notice npm tokens that bypass 2FA are being restricted for account changes and direct publishing. Learn how to prepare: https://gh.io/npm-gat-bypass2fa-deprecation
2026-10-10T16:40:11.7543876Z npm warn publish This command requires you to be logged in to https://registry.npmjs.org/ (dry-run)
2026-10-10T16:40:11.8633332Z npm notice Publishing to https://registry.npmjs.org/ with tag dryrun and public access (dry-run)
2026-10-10T16:40:11.8634115Z + basedagents@0.10.1-dryrun.38068558364.1
2026-10-10T16:40:11.8844409Z Post job cleanup.
2026-10-10T16:40:12.0113626Z (node:2556) [DEP0040] DeprecationWarning: The `punycode` module is deprecated. Please use a userland alternative instead.
2026-10-10T16:40:12.0114509Z (Use `node --trace-deprecation ...` to show where the warning was created)
2026-10-10T16:40:12.0118634Z Cache hit occurred on the primary key node-cache-Linux-x64-npm-f0dfbeccf4cf03614a1c70e0a334c7d6dee17688428dbfb743ab1fccbde237df, not saving cache.
2026-10-10T16:40:12.0276871Z Post job cleanup.
2026-10-10T16:40:12.1171403Z [command]/usr/bin/git version
2026-10-10T16:40:12.1218641Z git version 2.55.0
2026-10-10T16:40:12.1261939Z Temporarily overriding HOME='/home/runner/work/_temp/a407feda-45f6-4fcf-95dc-155d16d75e65' before making global git config changes
2026-10-10T16:40:12.1263591Z Adding repository directory to the temporary git global config as a safe directory
2026-10-10T16:40:12.1269468Z [command]/usr/bin/git config --global --add safe.directory /home/runner/work/basedagents/basedagents
2026-10-10T16:40:12.1315765Z [command]/usr/bin/git config --local --name-only --get-regexp core\.sshCommand
2026-10-10T16:40:12.1357637Z [command]/usr/bin/git submodule foreach --recursive sh -c "git config --local --name-only --get-regexp 'core\.sshCommand' && git config --local --unset-all 'core.sshCommand' || :"
2026-10-10T16:40:12.1630193Z [command]/usr/bin/git config --local --name-only --get-regexp http\.https\:\/\/github\.com\/\.extraheader
2026-10-10T16:40:12.1663548Z http.https://github.com/.extraheader
2026-10-10T16:40:12.1676709Z [command]/usr/bin/git config --local --unset-all http.https://github.com/.extraheader
2026-10-10T16:40:12.1716535Z [command]/usr/bin/git submodule foreach --recursive sh -c "git config --local --name-only --get-regexp 'http\.https\:\/\/github\.com\/\.extraheader' && git config --local --unset-all 'http.https://github.com/.extraheader' || :"
2026-10-10T16:40:12.1999419Z [command]/usr/bin/git config --local --name-only --get-regexp ^includeIf\.gitdir:
2026-10-10T16:40:12.2045183Z [command]/usr/bin/git submodule foreach --recursive git config --local --show-origin --name-only --get-regexp remote.origin.url
2026-10-10T16:40:12.2443599Z Cleaning up orphan processes
2026-10-10T16:40:12.2779684Z ##[warning]Node.js 20 is deprecated. The following actions target Node.js 20 but are being forced to run on Node.js 24: actions/checkout@11d5960a326750d5838078e36cf38b85af677262, actions/setup-node@49933ea5288caeca8642d1e84afbd3f7d6820020. For more information see: https://github.blog/changelog/2025-09-19-deprecation-of-node-20-on-github-actions-runners/
